192.168.1.69 - - [01/May/2025:08:34:48 +0000] "GET /api/honey/login HTTP/1.1" 302 199 "-" "Mozilla/5.0 (Windows NT 10.0; Win64; x64) AppleWebKit/537.36 (KHTML, like Gecko) Chrome/135.0.0.0 Safari/537.36" "-"
192.168.1.69 - - [01/May/2025:08:34:48 +0000] "GET /trace HTTP/1.1" 200 22901 "-" "Mozilla/5.0 (Windows NT 10.0; Win64; x64) AppleWebKit/537.36 (KHTML, like Gecko) Chrome/135.0.0.0 Safari/537.36" "-"
192.168.1.69 - - [01/May/2025:08:34:48 +0000] "POST /honeypot/log-interaction HTTP/1.1" 405 552 "http://192.168.1.172/trace" "Mozilla/5.0 (Windows NT 10.0; Win64; x64) AppleWebKit/537.36 (KHTML, like Gecko) Chrome/135.0.0.0 Safari/537.36" "-"
192.168.1.69 - - [01/May/2025:08:34:51 +0000] "POST /honeypot/log-interaction HTTP/1.1" 405 552 "http://192.168.1.172/trace" "Mozilla/5.0 (Windows NT 10.0; Win64; x64) AppleWebKit/537.36 (KHTML, like Gecko) Chrome/135.0.0.0 Safari/537.36" "-"
192.168.1.69 - - [01/May/2025:08:34:54 +0000] "POST /honeypot/log-interaction HTTP/1.1" 405 552 "http://192.168.1.172/trace" "Mozilla/5.0 (Windows NT 10.0; Win64; x64) AppleWebKit/537.36 (KHTML, like Gecko) Chrome/135.0.0.0 Safari/537.36" "-"
192.168.1.69 - - [01/May/2025:08:34:57 +0000] "POST /honeypot/log-interaction HTTP/1.1" 405 552 "http://192.168.1.172/trace" "Mozilla/5.0 (Windows NT 10.0; Win64; x64) AppleWebKit/537.36 (KHTML, like Gecko) Chrome/135.0.0.0 Safari/537.36" "-"
192.168.1.69 - - [01/May/2025:08:35:00 +0000] "POST /honeypot/log-interaction HTTP/1.1" 405 552 "http://192.168.1.172/trace" "Mozilla/5.0 (Windows NT 10.0; Win64; x64) AppleWebKit/537.36 (KHTML, like Gecko) Chrome/135.0.0.0 Safari/537.36" "-"
::1 - - [01/May/2025:08:35:16 +0000] "GET /api/health HTTP/1.1" 200 36508 "-" "curl/8.5.0" "-"
::1 - - [01/May/2025:08:49:30 +0000] "GET /api/health HTTP/1.1" 502 150 "-" "curl/8.5.0" "-"
::1 - - [01/May/2025:08:50:02 +0000] "GET /api/health HTTP/1.1" 502 150 "-" "curl/8.5.0" "-"
::1 - - [01/May/2025:08:50:42 +0000] "GET /api/health HTTP/1.1" 499 0 "-" "curl/8.5.0" "-"
::1 - - [01/May/2025:08:55:10 +0000] "GET /api/health HTTP/1.1" 502 150 "-" "curl/8.5.0" "-"
192.168.1.69 - - [01/May/2025:09:00:03 +0000] "GET /honey/login HTTP/1.1" 200 447 "-" "Mozilla/5.0 (Windows NT 10.0; Win64; x64) AppleWebKit/537.36 (KHTML, like Gecko) Chrome/135.0.0.0 Safari/537.36" "-"
::1 - - [01/May/2025:09:00:24 +0000] "GET /api/health HTTP/1.1" 200 36508 "-" "curl/8.5.0" "-"
192.168.1.69 - - [01/May/2025:09:01:10 +0000] "GET /honey/login HTTP/1.1" 304 0 "-" "Mozilla/5.0 (Windows NT 10.0; Win64; x64) AppleWebKit/537.36 (KHTML, like Gecko) Chrome/135.0.0.0 Safari/537.36" "-"
::1 - - [01/May/2025:09:14:39 +0000] "GET /api/health HTTP/1.1" 200 36508 "-" "curl/8.5.0" "-"
192.168.1.69 - - [01/May/2025:09:14:56 +0000] "GET /honey/login HTTP/1.1" 200 447 "-" "Mozilla/5.0 (Windows NT 10.0; Win64; x64) AppleWebKit/537.36 (KHTML, like Gecko) Chrome/135.0.0.0 Safari/537.36" "-"
192.168.1.69 - - [01/May/2025:09:14:56 +0000] "GET /static/css/main.bdf3f817.css HTTP/1.1" 200 6067 "http://192.168.1.172/honey/login" "Mozilla/5.0 (Windows NT 10.0; Win64; x64) AppleWebKit/537.36 (KHTML, like Gecko) Chrome/135.0.0.0 Safari/537.36" "-"
192.168.1.69 - - [01/May/2025:09:14:56 +0000] "GET /static/js/main.3e62f4d6.js HTTP/1.1" 200 178386 "http://192.168.1.172/honey/login" "Mozilla/5.0 (Windows NT 10.0; Win64; x64) AppleWebKit/537.36 (KHTML, like Gecko) Chrome/135.0.0.0 Safari/537.36" "-"
192.168.1.69 - - [01/May/2025:09:14:56 +0000] "GET /api/honeypot/angela/csrf-token HTTP/1.1" 200 82 "http://192.168.1.172/honey/login" "Mozilla/5.0 (Windows NT 10.0; Win64; x64) AppleWebKit/537.36 (KHTML, like Gecko) Chrome/135.0.0.0 Safari/537.36" "-"
192.168.1.69 - - [01/May/2025:09:14:57 +0000] "GET /favicon.ico HTTP/1.1" 200 4109 "http://192.168.1.172/honey/login" "Mozilla/5.0 (Windows NT 10.0; Win64; x64) AppleWebKit/537.36 (KHTML, like Gecko) Chrome/135.0.0.0 Safari/537.36" "-"
192.168.1.69 - - [01/May/2025:09:15:06 +0000] "POST /api/honeypot/angela/login HTTP/1.1" 403 41 "http://192.168.1.172/honey/login" "Mozilla/5.0 (Windows NT 10.0; Win64; x64) AppleWebKit/537.36 (KHTML, like Gecko) Chrome/135.0.0.0 Safari/537.36" "-"
::1 - - [01/May/2025:09:15:09 +0000] "GET /api/health HTTP/1.1" 200 36508 "-" "curl/8.5.0" "-"
::1 - - [01/May/2025:09:15:40 +0000] "GET /api/health HTTP/1.1" 200 36508 "-" "curl/8.5.0" "-"
192.168.1.69 - - [01/May/2025:09:15:53 +0000] "GET /honey/login HTTP/1.1" 200 447 "-" "Mozilla/5.0 (Windows NT 10.0; Win64; x64) AppleWebKit/537.36 (KHTML, like Gecko) Chrome/135.0.0.0 Safari/537.36" "-"
192.168.1.69 - - [01/May/2025:09:15:54 +0000] "GET /static/js/main.3e62f4d6.js HTTP/1.1" 200 178386 "http://192.168.1.172/honey/login" "Mozilla/5.0 (Windows NT 10.0; Win64; x64) AppleWebKit/537.36 (KHTML, like Gecko) Chrome/135.0.0.0 Safari/537.36" "-"
192.168.1.69 - - [01/May/2025:09:15:54 +0000] "GET /api/honeypot/angela/csrf-token HTTP/1.1" 200 82 "http://192.168.1.172/honey/login" "Mozilla/5.0 (Windows NT 10.0; Win64; x64) AppleWebKit/537.36 (KHTML, like Gecko) Chrome/135.0.0.0 Safari/537.36" "-"
192.168.1.69 - - [01/May/2025:09:16:05 +0000] "POST /api/honeypot/angela/login HTTP/1.1" 403 41 "http://192.168.1.172/honey/login" "Mozilla/5.0 (Windows NT 10.0; Win64; x64) AppleWebKit/537.36 (KHTML, like Gecko) Chrome/135.0.0.0 Safari/537.36" "-"
192.168.1.69 - - [01/May/2025:09:16:07 +0000] "GET /manifest.json HTTP/1.1" 200 266 "http://192.168.1.172/honey/login" "Mozilla/5.0 (Windows NT 10.0; Win64; x64) AppleWebKit/537.36 (KHTML, like Gecko) Chrome/135.0.0.0 Safari/537.36" "-"
192.168.1.69 - - [01/May/2025:09:16:07 +0000] "GET /static/css/main.bdf3f817.css.map HTTP/1.1" 200 83054 "-" "Mozilla/5.0 (Windows NT 10.0; Win64; x64) AppleWebKit/537.36 (KHTML, like Gecko) Chrome/135.0.0.0 Safari/537.36" "-"
192.168.1.69 - - [01/May/2025:09:16:07 +0000] "GET /static/js/main.3e62f4d6.js.map HTTP/1.1" 200 4137327 "-" "Mozilla/5.0 (Windows NT 10.0; Win64; x64) AppleWebKit/537.36 (KHTML, like Gecko) Chrome/135.0.0.0 Safari/537.36" "-"
::1 - - [01/May/2025:09:16:10 +0000] "GET /api/health HTTP/1.1" 200 36508 "-" "curl/8.5.0" "-"
192.168.1.69 - - [01/May/2025:09:16:18 +0000] "GET /api/honeypot/angela/login HTTP/1.1" 302 199 "-" "Mozilla/5.0 (Windows NT 10.0; Win64; x64) AppleWebKit/537.36 (KHTML, like Gecko) Chrome/135.0.0.0 Safari/537.36" "-"
192.168.1.69 - - [01/May/2025:09:16:18 +0000] "GET /trace HTTP/1.1" 200 22901 "-" "Mozilla/5.0 (Windows NT 10.0; Win64; x64) AppleWebKit/537.36 (KHTML, like Gecko) Chrome/135.0.0.0 Safari/537.36" "-"
192.168.1.69 - - [01/May/2025:09:16:18 +0000] "POST /honeypot/log-interaction HTTP/1.1" 405 552 "http://192.168.1.172/trace" "Mozilla/5.0 (Windows NT 10.0; Win64; x64) AppleWebKit/537.36 (KHTML, like Gecko) Chrome/135.0.0.0 Safari/537.36" "-"
192.168.1.69 - - [01/May/2025:09:16:21 +0000] "POST /honeypot/log-interaction HTTP/1.1" 405 552 "http://192.168.1.172/trace" "Mozilla/5.0 (Windows NT 10.0; Win64; x64) AppleWebKit/537.36 (KHTML, like Gecko) Chrome/135.0.0.0 Safari/537.36" "-"
192.168.1.69 - - [01/May/2025:09:16:27 +0000] "POST /honeypot/log-interaction HTTP/1.1" 405 552 "http://192.168.1.172/trace" "Mozilla/5.0 (Windows NT 10.0; Win64; x64) AppleWebKit/537.36 (KHTML, like Gecko) Chrome/135.0.0.0 Safari/537.36" "-"
192.168.1.69 - - [01/May/2025:09:16:30 +0000] "POST /honeypot/log-interaction HTTP/1.1" 405 552 "http://192.168.1.172/trace" "Mozilla/5.0 (Windows NT 10.0; Win64; x64) AppleWebKit/537.36 (KHTML, like Gecko) Chrome/135.0.0.0 Safari/537.36" "-"
192.168.1.69 - - [01/May/2025:09:16:36 +0000] "POST /honeypot/log-interaction HTTP/1.1" 405 552 "http://192.168.1.172/trace" "Mozilla/5.0 (Windows NT 10.0; Win64; x64) AppleWebKit/537.36 (KHTML, like Gecko) Chrome/135.0.0.0 Safari/537.36" "-"
192.168.1.69 - - [01/May/2025:09:16:39 +0000] "POST /honeypot/log-interaction HTTP/1.1" 405 552 "http://192.168.1.172/trace" "Mozilla/5.0 (Windows NT 10.0; Win64; x64) AppleWebKit/537.36 (KHTML, like Gecko) Chrome/135.0.0.0 Safari/537.36" "-"
::1 - - [01/May/2025:09:16:40 +0000] "GET /api/health HTTP/1.1" 200 36508 "-" "curl/8.5.0" "-"
192.168.1.69 - - [01/May/2025:09:16:42 +0000] "POST /honeypot/log-interaction HTTP/1.1" 405 552 "http://192.168.1.172/trace" "Mozilla/5.0 (Windows NT 10.0; Win64; x64) AppleWebKit/537.36 (KHTML, like Gecko) Chrome/135.0.0.0 Safari/537.36" "-"
192.168.1.69 - - [01/May/2025:09:16:45 +0000] "GET /api/honeypot/angela/login HTTP/1.1" 302 199 "-" "Mozilla/5.0 (Windows NT 10.0; Win64; x64) AppleWebKit/537.36 (KHTML, like Gecko) Chrome/135.0.0.0 Safari/537.36" "-"
192.168.1.69 - - [01/May/2025:09:16:45 +0000] "GET /trace HTTP/1.1" 200 22901 "-" "Mozilla/5.0 (Windows NT 10.0; Win64; x64) AppleWebKit/537.36 (KHTML, like Gecko) Chrome/135.0.0.0 Safari/537.36" "-"
192.168.1.69 - - [01/May/2025:09:16:45 +0000] "POST /honeypot/log-interaction HTTP/1.1" 405 552 "http://192.168.1.172/trace" "Mozilla/5.0 (Windows NT 10.0; Win64; x64) AppleWebKit/537.36 (KHTML, like Gecko) Chrome/135.0.0.0 Safari/537.36" "-"
192.168.1.69 - - [01/May/2025:09:16:45 +0000] "POST /honeypot/log-interaction HTTP/1.1" 405 552 "http://192.168.1.172/trace" "Mozilla/5.0 (Windows NT 10.0; Win64; x64) AppleWebKit/537.36 (KHTML, like Gecko) Chrome/135.0.0.0 Safari/537.36" "-"
192.168.1.69 - - [01/May/2025:09:16:48 +0000] "POST /honeypot/log-interaction HTTP/1.1" 405 552 "http://192.168.1.172/trace" "Mozilla/5.0 (Windows NT 10.0; Win64; x64) AppleWebKit/537.36 (KHTML, like Gecko) Chrome/135.0.0.0 Safari/537.36" "-"
192.168.1.69 - - [01/May/2025:09:16:48 +0000] "POST /honeypot/log-interaction HTTP/1.1" 405 552 "http://192.168.1.172/trace" "Mozilla/5.0 (Windows NT 10.0; Win64; x64) AppleWebKit/537.36 (KHTML, like Gecko) Chrome/135.0.0.0 Safari/537.36" "-"
192.168.1.69 - - [01/May/2025:09:16:54 +0000] "POST /honeypot/log-interaction HTTP/1.1" 405 552 "http://192.168.1.172/trace" "Mozilla/5.0 (Windows NT 10.0; Win64; x64) AppleWebKit/537.36 (KHTML, like Gecko) Chrome/135.0.0.0 Safari/537.36" "-"
192.168.1.69 - - [01/May/2025:09:16:57 +0000] "POST /honeypot/log-interaction HTTP/1.1" 405 552 "http://192.168.1.172/trace" "Mozilla/5.0 (Windows NT 10.0; Win64; x64) AppleWebKit/537.36 (KHTML, like Gecko) Chrome/135.0.0.0 Safari/537.36" "-"
192.168.1.69 - - [01/May/2025:09:17:00 +0000] "POST /honeypot/log-interaction HTTP/1.1" 405 552 "http://192.168.1.172/trace" "Mozilla/5.0 (Windows NT 10.0; Win64; x64) AppleWebKit/537.36 (KHTML, like Gecko) Chrome/135.0.0.0 Safari/537.36" "-"
192.168.1.69 - - [01/May/2025:09:17:03 +0000] "POST /honeypot/log-interaction HTTP/1.1" 405 552 "http://192.168.1.172/trace" "Mozilla/5.0 (Windows NT 10.0; Win64; x64) AppleWebKit/537.36 (KHTML, like Gecko) Chrome/135.0.0.0 Safari/537.36" "-"
192.168.1.69 - - [01/May/2025:09:17:03 +0000] "POST /honeypot/log-interaction HTTP/1.1" 405 552 "http://192.168.1.172/trace" "Mozilla/5.0 (Windows NT 10.0; Win64; x64) AppleWebKit/537.36 (KHTML, like Gecko) Chrome/135.0.0.0 Safari/537.36" "-"
192.168.1.69 - - [01/May/2025:09:17:05 +0000] "POST /honeypot/log-interaction HTTP/1.1" 405 552 "http://192.168.1.172/trace" "Mozilla/5.0 (Windows NT 10.0; Win64; x64) AppleWebKit/537.36 (KHTML, like Gecko) Chrome/135.0.0.0 Safari/537.36" "-"
192.168.1.69 - - [01/May/2025:09:17:06 +0000] "POST /honeypot/log-interaction HTTP/1.1" 405 552 "http://192.168.1.172/trace" "Mozilla/5.0 (Windows NT 10.0; Win64; x64) AppleWebKit/537.36 (KHTML, like Gecko) Chrome/135.0.0.0 Safari/537.36" "-"
192.168.1.69 - - [01/May/2025:09:17:09 +0000] "POST /honeypot/log-interaction HTTP/1.1" 405 552 "http://192.168.1.172/trace" "Mozilla/5.0 (Windows NT 10.0; Win64; x64) AppleWebKit/537.36 (KHTML, like Gecko) Chrome/135.0.0.0 Safari/537.36" "-"
192.168.1.69 - - [01/May/2025:09:17:09 +0000] "POST /honeypot/log-interaction HTTP/1.1" 405 552 "http://192.168.1.172/trace" "Mozilla/5.0 (Windows NT 10.0; Win64; x64) AppleWebKit/537.36 (KHTML, like Gecko) Chrome/135.0.0.0 Safari/537.36" "-"
::1 - - [01/May/2025:09:17:10 +0000] "GET /api/health HTTP/1.1" 200 36508 "-" "curl/8.5.0" "-"
192.168.1.69 - - [01/May/2025:09:17:12 +0000] "POST /honeypot/log-interaction HTTP/1.1" 405 552 "http://192.168.1.172/trace" "Mozilla/5.0 (Windows NT 10.0; Win64; x64) AppleWebKit/537.36 (KHTML, like Gecko) Chrome/135.0.0.0 Safari/537.36" "-"
192.168.1.69 - - [01/May/2025:09:17:15 +0000] "POST /honeypot/log-interaction HTTP/1.1" 405 552 "http://192.168.1.172/trace" "Mozilla/5.0 (Windows NT 10.0; Win64; x64) AppleWebKit/537.36 (KHTML, like Gecko) Chrome/135.0.0.0 Safari/537.36" "-"
192.168.1.69 - - [01/May/2025:09:20:59 +0000] "POST /honeypot/log-interaction HTTP/1.1" 405 552 "http://192.168.1.172/trace" "Mozilla/5.0 (Windows NT 10.0; Win64; x64) AppleWebKit/537.36 (KHTML, like Gecko) Chrome/135.0.0.0 Safari/537.36" "-"
192.168.1.69 - - [01/May/2025:09:20:59 +0000] "POST /honeypot/log-interaction HTTP/1.1" 405 552 "http://192.168.1.172/trace" "Mozilla/5.0 (Windows NT 10.0; Win64; x64) AppleWebKit/537.36 (KHTML, like Gecko) Chrome/135.0.0.0 Safari/537.36" "-"
192.168.1.69 - - [01/May/2025:09:20:59 +0000] "POST /honeypot/log-interaction HTTP/1.1" 405 552 "http://192.168.1.172/trace" "Mozilla/5.0 (Windows NT 10.0; Win64; x64) AppleWebKit/537.36 (KHTML, like Gecko) Chrome/135.0.0.0 Safari/537.36" "-"
192.168.1.69 - - [01/May/2025:09:21:12 +0000] "POST /honeypot/log-interaction HTTP/1.1" 405 552 "http://192.168.1.172/trace" "Mozilla/5.0 (Windows NT 10.0; Win64; x64) AppleWebKit/537.36 (KHTML, like Gecko) Chrome/135.0.0.0 Safari/537.36" "-"
192.168.1.69 - - [01/May/2025:09:21:13 +0000] "POST /honeypot/log-interaction HTTP/1.1" 405 552 "http://192.168.1.172/trace" "Mozilla/5.0 (Windows NT 10.0; Win64; x64) AppleWebKit/537.36 (KHTML, like Gecko) Chrome/135.0.0.0 Safari/537.36" "-"
192.168.1.69 - - [01/May/2025:09:21:13 +0000] "POST /honeypot/log-interaction HTTP/1.1" 405 552 "http://192.168.1.172/trace" "Mozilla/5.0 (Windows NT 10.0; Win64; x64) AppleWebKit/537.36 (KHTML, like Gecko) Chrome/135.0.0.0 Safari/537.36" "-"
192.168.1.69 - - [01/May/2025:09:21:15 +0000] "POST /honeypot/log-interaction HTTP/1.1" 405 552 "http://192.168.1.172/trace" "Mozilla/5.0 (Windows NT 10.0; Win64; x64) AppleWebKit/537.36 (KHTML, like Gecko) Chrome/135.0.0.0 Safari/537.36" "-"
192.168.1.69 - - [01/May/2025:09:21:15 +0000] "POST /honeypot/log-interaction HTTP/1.1" 405 552 "http://192.168.1.172/trace" "Mozilla/5.0 (Windows NT 10.0; Win64; x64) AppleWebKit/537.36 (KHTML, like Gecko) Chrome/135.0.0.0 Safari/537.36" "-"
192.168.1.69 - - [01/May/2025:09:21:18 +0000] "POST /honeypot/log-interaction HTTP/1.1" 405 552 "http://192.168.1.172/trace" "Mozilla/5.0 (Windows NT 10.0; Win64; x64) AppleWebKit/537.36 (KHTML, like Gecko) Chrome/135.0.0.0 Safari/537.36" "-"
192.168.1.69 - - [01/May/2025:09:21:18 +0000] "POST /honeypot/log-interaction HTTP/1.1" 405 552 "http://192.168.1.172/trace" "Mozilla/5.0 (Windows NT 10.0; Win64; x64) AppleWebKit/537.36 (KHTML, like Gecko) Chrome/135.0.0.0 Safari/537.36" "-"
192.168.1.69 - - [01/May/2025:09:21:18 +0000] "POST /honeypot/log-interaction HTTP/1.1" 405 552 "http://192.168.1.172/trace" "Mozilla/5.0 (Windows NT 10.0; Win64; x64) AppleWebKit/537.36 (KHTML, like Gecko) Chrome/135.0.0.0 Safari/537.36" "-"
192.168.1.69 - - [01/May/2025:09:21:20 +0000] "GET /honey/dashboard HTTP/1.1" 200 448 "-" "Mozilla/5.0 (Windows NT 10.0; Win64; x64) AppleWebKit/537.36 (KHTML, like Gecko) Chrome/135.0.0.0 Safari/537.36" "-"
192.168.1.69 - - [01/May/2025:09:21:20 +0000] "GET /static/js/main.0b1202c8.js HTTP/1.1" 200 178382 "http://192.168.1.172/honey/dashboard" "Mozilla/5.0 (Windows NT 10.0; Win64; x64) AppleWebKit/537.36 (KHTML, like Gecko) Chrome/135.0.0.0 Safari/537.36" "-"
192.168.1.69 - - [01/May/2025:09:21:21 +0000] "GET /honeypot/angela/honey/angela HTTP/1.1" 200 448 "http://192.168.1.172/honey/dashboard" "Mozilla/5.0 (Windows NT 10.0; Win64; x64) AppleWebKit/537.36 (KHTML, like Gecko) Chrome/135.0.0.0 Safari/537.36" "-"
192.168.1.69 - - [01/May/2025:09:21:21 +0000] "GET /honeypot/angela/csrf-token HTTP/1.1" 200 448 "http://192.168.1.172/honey/login" "Mozilla/5.0 (Windows NT 10.0; Win64; x64) AppleWebKit/537.36 (KHTML, like Gecko) Chrome/135.0.0.0 Safari/537.36" "-"
192.168.1.69 - - [01/May/2025:09:21:21 +0000] "POST /honeypot/log-interaction HTTP/1.1" 405 552 "http://192.168.1.172/trace" "Mozilla/5.0 (Windows NT 10.0; Win64; x64) AppleWebKit/537.36 (KHTML, like Gecko) Chrome/135.0.0.0 Safari/537.36" "-"
192.168.1.69 - - [01/May/2025:09:21:23 +0000] "GET /manifest.json HTTP/1.1" 200 266 "http://192.168.1.172/honey/login" "Mozilla/5.0 (Windows NT 10.0; Win64; x64) AppleWebKit/537.36 (KHTML, like Gecko) Chrome/135.0.0.0 Safari/537.36" "-"
192.168.1.69 - - [01/May/2025:09:21:24 +0000] "GET /static/js/main.0b1202c8.js.map HTTP/1.1" 200 4137315 "-" "Mozilla/5.0 (Windows NT 10.0; Win64; x64) AppleWebKit/537.36 (KHTML, like Gecko) Chrome/135.0.0.0 Safari/537.36" "-"
192.168.1.69 - - [01/May/2025:09:21:24 +0000] "GET /static/css/main.bdf3f817.css.map HTTP/1.1" 200 83054 "-" "Mozilla/5.0 (Windows NT 10.0; Win64; x64) AppleWebKit/537.36 (KHTML, like Gecko) Chrome/135.0.0.0 Safari/537.36" "-"
192.168.1.69 - - [01/May/2025:09:21:24 +0000] "POST /honeypot/log-interaction HTTP/1.1" 405 552 "http://192.168.1.172/trace" "Mozilla/5.0 (Windows NT 10.0; Win64; x64) AppleWebKit/537.36 (KHTML, like Gecko) Chrome/135.0.0.0 Safari/537.36" "-"
::1 - - [01/May/2025:09:21:27 +0000] "GET /api/health HTTP/1.1" 200 36508 "-" "curl/8.5.0" "-"
192.168.1.69 - - [01/May/2025:09:21:27 +0000] "POST /honeypot/log-interaction HTTP/1.1" 405 552 "http://192.168.1.172/trace" "Mozilla/5.0 (Windows NT 10.0; Win64; x64) AppleWebKit/537.36 (KHTML, like Gecko) Chrome/135.0.0.0 Safari/537.36" "-"
192.168.1.69 - - [01/May/2025:09:21:29 +0000] "GET /honey/login HTTP/1.1" 200 448 "-" "Mozilla/5.0 (Windows NT 10.0; Win64; x64) AppleWebKit/537.36 (KHTML, like Gecko) Chrome/135.0.0.0 Safari/537.36" "-"
192.168.1.69 - - [01/May/2025:09:21:29 +0000] "GET /honeypot/angela/csrf-token HTTP/1.1" 304 0 "http://192.168.1.172/honey/login" "Mozilla/5.0 (Windows NT 10.0; Win64; x64) AppleWebKit/537.36 (KHTML, like Gecko) Chrome/135.0.0.0 Safari/537.36" "-"
192.168.1.69 - - [01/May/2025:09:21:29 +0000] "GET /static/js/main.0b1202c8.js.map HTTP/1.1" 304 0 "-" "Mozilla/5.0 (Windows NT 10.0; Win64; x64) AppleWebKit/537.36 (KHTML, like Gecko) Chrome/135.0.0.0 Safari/537.36" "-"
192.168.1.69 - - [01/May/2025:09:21:29 +0000] "GET /static/css/main.bdf3f817.css.map HTTP/1.1" 304 0 "-" "Mozilla/5.0 (Windows NT 10.0; Win64; x64) AppleWebKit/537.36 (KHTML, like Gecko) Chrome/135.0.0.0 Safari/537.36" "-"
192.168.1.69 - - [01/May/2025:09:21:30 +0000] "POST /honeypot/log-interaction HTTP/1.1" 405 552 "http://192.168.1.172/trace" "Mozilla/5.0 (Windows NT 10.0; Win64; x64) AppleWebKit/537.36 (KHTML, like Gecko) Chrome/135.0.0.0 Safari/537.36" "-"
192.168.1.69 - - [01/May/2025:09:21:33 +0000] "POST /honeypot/log-interaction HTTP/1.1" 405 552 "http://192.168.1.172/trace" "Mozilla/5.0 (Windows NT 10.0; Win64; x64) AppleWebKit/537.36 (KHTML, like Gecko) Chrome/135.0.0.0 Safari/537.36" "-"
192.168.1.69 - - [01/May/2025:09:21:36 +0000] "POST /honeypot/log-interaction HTTP/1.1" 405 552 "http://192.168.1.172/trace" "Mozilla/5.0 (Windows NT 10.0; Win64; x64) AppleWebKit/537.36 (KHTML, like Gecko) Chrome/135.0.0.0 Safari/537.36" "-"
192.168.1.69 - - [01/May/2025:09:21:42 +0000] "POST /honeypot/log-interaction HTTP/1.1" 405 552 "http://192.168.1.172/trace" "Mozilla/5.0 (Windows NT 10.0; Win64; x64) AppleWebKit/537.36 (KHTML, like Gecko) Chrome/135.0.0.0 Safari/537.36" "-"
192.168.1.69 - - [01/May/2025:09:21:45 +0000] "POST /honeypot/log-interaction HTTP/1.1" 405 552 "http://192.168.1.172/trace" "Mozilla/5.0 (Windows NT 10.0; Win64; x64) AppleWebKit/537.36 (KHTML, like Gecko) Chrome/135.0.0.0 Safari/537.36" "-"
192.168.1.69 - - [01/May/2025:09:21:48 +0000] "POST /honeypot/log-interaction HTTP/1.1" 405 552 "http://192.168.1.172/trace" "Mozilla/5.0 (Windows NT 10.0; Win64; x64) AppleWebKit/537.36 (KHTML, like Gecko) Chrome/135.0.0.0 Safari/537.36" "-"
192.168.1.69 - - [01/May/2025:09:21:51 +0000] "POST /honeypot/log-interaction HTTP/1.1" 405 552 "http://192.168.1.172/trace" "Mozilla/5.0 (Windows NT 10.0; Win64; x64) AppleWebKit/537.36 (KHTML, like Gecko) Chrome/135.0.0.0 Safari/537.36" "-"
192.168.1.69 - - [01/May/2025:09:21:54 +0000] "POST /honeypot/log-interaction HTTP/1.1" 405 552 "http://192.168.1.172/trace" "Mozilla/5.0 (Windows NT 10.0; Win64; x64) AppleWebKit/537.36 (KHTML, like Gecko) Chrome/135.0.0.0 Safari/537.36" "-"
::1 - - [01/May/2025:09:21:57 +0000] "GET /api/health HTTP/1.1" 200 36508 "-" "curl/8.5.0" "-"
192.168.1.69 - - [01/May/2025:09:22:00 +0000] "POST /honeypot/log-interaction HTTP/1.1" 405 552 "http://192.168.1.172/trace" "Mozilla/5.0 (Windows NT 10.0; Win64; x64) AppleWebKit/537.36 (KHTML, like Gecko) Chrome/135.0.0.0 Safari/537.36" "-"
192.168.1.69 - - [01/May/2025:09:25:54 +0000] "GET /honey/login HTTP/1.1" 200 447 "-" "Mozilla/5.0 (Windows NT 10.0; Win64; x64) AppleWebKit/537.36 (KHTML, like Gecko) Chrome/135.0.0.0 Safari/537.36" "-"
192.168.1.69 - - [01/May/2025:09:25:54 +0000] "GET /static/js/main.fd5161c1.js HTTP/1.1" 200 178387 "http://192.168.1.172/honey/login" "Mozilla/5.0 (Windows NT 10.0; Win64; x64) AppleWebKit/537.36 (KHTML, like Gecko) Chrome/135.0.0.0 Safari/537.36" "-"
192.168.1.69 - - [01/May/2025:09:25:54 +0000] "GET /honey/api/honeypot/angela/csrf-token HTTP/1.1" 200 447 "http://192.168.1.172/honey/login" "Mozilla/5.0 (Windows NT 10.0; Win64; x64) AppleWebKit/537.36 (KHTML, like Gecko) Chrome/135.0.0.0 Safari/537.36" "-"
192.168.1.69 - - [01/May/2025:09:25:58 +0000] "GET /manifest.json HTTP/1.1" 200 266 "http://192.168.1.172/honey/login" "Mozilla/5.0 (Windows NT 10.0; Win64; x64) AppleWebKit/537.36 (KHTML, like Gecko) Chrome/135.0.0.0 Safari/537.36" "-"
192.168.1.69 - - [01/May/2025:09:25:58 +0000] "GET /static/js/main.fd5161c1.js.map HTTP/1.1" 200 4137328 "-" "Mozilla/5.0 (Windows NT 10.0; Win64; x64) AppleWebKit/537.36 (KHTML, like Gecko) Chrome/135.0.0.0 Safari/537.36" "-"
192.168.1.69 - - [01/May/2025:09:25:58 +0000] "GET /static/css/main.bdf3f817.css.map HTTP/1.1" 200 83054 "-" "Mozilla/5.0 (Windows NT 10.0; Win64; x64) AppleWebKit/537.36 (KHTML, like Gecko) Chrome/135.0.0.0 Safari/537.36" "-"
192.168.1.69 - - [01/May/2025:09:26:04 +0000] "GET /honey/login HTTP/1.1" 304 0 "-" "Mozilla/5.0 (Windows NT 10.0; Win64; x64) AppleWebKit/537.36 (KHTML, like Gecko) Chrome/135.0.0.0 Safari/537.36" "-"
192.168.1.69 - - [01/May/2025:09:26:04 +0000] "GET /static/css/main.bdf3f817.css.map HTTP/1.1" 304 0 "-" "Mozilla/5.0 (Windows NT 10.0; Win64; x64) AppleWebKit/537.36 (KHTML, like Gecko) Chrome/135.0.0.0 Safari/537.36" "-"
192.168.1.69 - - [01/May/2025:09:26:04 +0000] "GET /static/js/main.fd5161c1.js.map HTTP/1.1" 304 0 "-" "Mozilla/5.0 (Windows NT 10.0; Win64; x64) AppleWebKit/537.36 (KHTML, like Gecko) Chrome/135.0.0.0 Safari/537.36" "-"
192.168.1.69 - - [01/May/2025:09:26:04 +0000] "GET /honey/api/honeypot/angela/csrf-token HTTP/1.1" 304 0 "http://192.168.1.172/honey/login" "Mozilla/5.0 (Windows NT 10.0; Win64; x64) AppleWebKit/537.36 (KHTML, like Gecko) Chrome/135.0.0.0 Safari/537.36" "-"
192.168.1.69 - - [01/May/2025:09:26:08 +0000] "GET /honey/login HTTP/1.1" 304 0 "-" "Mozilla/5.0 (Windows NT 10.0; Win64; x64) AppleWebKit/537.36 (KHTML, like Gecko) Chrome/135.0.0.0 Safari/537.36" "-"
192.168.1.69 - - [01/May/2025:09:26:08 +0000] "GET /honey/api/honeypot/angela/csrf-token HTTP/1.1" 304 0 "http://192.168.1.172/honey/login" "Mozilla/5.0 (Windows NT 10.0; Win64; x64) AppleWebKit/537.36 (KHTML, like Gecko) Chrome/135.0.0.0 Safari/537.36" "-"
192.168.1.69 - - [01/May/2025:09:26:08 +0000] "GET /static/js/main.fd5161c1.js.map HTTP/1.1" 304 0 "-" "Mozilla/5.0 (Windows NT 10.0; Win64; x64) AppleWebKit/537.36 (KHTML, like Gecko) Chrome/135.0.0.0 Safari/537.36" "-"
192.168.1.69 - - [01/May/2025:09:26:08 +0000] "GET /static/css/main.bdf3f817.css.map HTTP/1.1" 304 0 "-" "Mozilla/5.0 (Windows NT 10.0; Win64; x64) AppleWebKit/537.36 (KHTML, like Gecko) Chrome/135.0.0.0 Safari/537.36" "-"
::1 - - [01/May/2025:09:26:10 +0000] "GET /api/health HTTP/1.1" 200 36508 "-" "curl/8.5.0" "-"
192.168.1.69 - - [01/May/2025:09:35:52 +0000] "GET /test-session-page HTTP/1.1" 200 447 "-" "Mozilla/5.0 (Windows NT 10.0; Win64; x64) AppleWebKit/537.36 (KHTML, like Gecko) Chrome/135.0.0.0 Safari/537.36" "-"
192.168.1.69 - - [01/May/2025:09:35:52 +0000] "GET /static/js/main.6d42a83a.js HTTP/1.1" 200 178509 "http://192.168.1.172/test-session-page" "Mozilla/5.0 (Windows NT 10.0; Win64; x64) AppleWebKit/537.36 (KHTML, like Gecko) Chrome/135.0.0.0 Safari/537.36" "-"
192.168.1.69 - - [01/May/2025:09:35:52 +0000] "GET /api/honeypot/angela/honey/angela HTTP/1.1" 401 26 "http://192.168.1.172/honey/dashboard" "Mozilla/5.0 (Windows NT 10.0; Win64; x64) AppleWebKit/537.36 (KHTML, like Gecko) Chrome/135.0.0.0 Safari/537.36" "-"
192.168.1.69 - - [01/May/2025:09:35:52 +0000] "GET /api/test-session HTTP/1.1" 200 8006 "http://192.168.1.172/honey/login" "Mozilla/5.0 (Windows NT 10.0; Win64; x64) AppleWebKit/537.36 (KHTML, like Gecko) Chrome/135.0.0.0 Safari/537.36" "-"
192.168.1.69 - - [01/May/2025:09:36:04 +0000] "GET /api/test-session-page HTTP/1.1" 500 265 "-" "Mozilla/5.0 (Windows NT 10.0; Win64; x64) AppleWebKit/537.36 (KHTML, like Gecko) Chrome/135.0.0.0 Safari/537.36" "-"
::1 - - [01/May/2025:09:36:17 +0000] "GET /api/health HTTP/1.1" 200 36508 "-" "curl/8.5.0" "-"
192.168.1.69 - - [01/May/2025:09:36:35 +0000] "GET /test-session-page HTTP/1.1" 304 0 "-" "Mozilla/5.0 (Windows NT 10.0; Win64; x64) AppleWebKit/537.36 (KHTML, like Gecko) Chrome/135.0.0.0 Safari/537.36" "-"
192.168.1.69 - - [01/May/2025:09:36:35 +0000] "GET /api/honeypot/angela/honey/angela HTTP/1.1" 401 26 "http://192.168.1.172/honey/dashboard" "Mozilla/5.0 (Windows NT 10.0; Win64; x64) AppleWebKit/537.36 (KHTML, like Gecko) Chrome/135.0.0.0 Safari/537.36" "-"
192.168.1.69 - - [01/May/2025:09:36:35 +0000] "GET /api/test-session HTTP/1.1" 200 8001 "http://192.168.1.172/honey/login" "Mozilla/5.0 (Windows NT 10.0; Win64; x64) AppleWebKit/537.36 (KHTML, like Gecko) Chrome/135.0.0.0 Safari/537.36" "-"
::1 - - [01/May/2025:09:36:47 +0000] "GET /api/health HTTP/1.1" 200 36508 "-" "curl/8.5.0" "-"
192.168.1.69 - - [01/May/2025:09:37:09 +0000] "GET /test-session-page HTTP/1.1" 304 0 "-" "Mozilla/5.0 (Windows NT 10.0; Win64; x64) AppleWebKit/537.36 (KHTML, like Gecko) Chrome/135.0.0.0 Safari/537.36" "-"
192.168.1.69 - - [01/May/2025:09:37:09 +0000] "GET /api/honeypot/angela/honey/angela HTTP/1.1" 401 26 "http://192.168.1.172/honey/dashboard" "Mozilla/5.0 (Windows NT 10.0; Win64; x64) AppleWebKit/537.36 (KHTML, like Gecko) Chrome/135.0.0.0 Safari/537.36" "-"
192.168.1.69 - - [01/May/2025:09:37:09 +0000] "GET /api/test-session HTTP/1.1" 200 8006 "http://192.168.1.172/honey/login" "Mozilla/5.0 (Windows NT 10.0; Win64; x64) AppleWebKit/537.36 (KHTML, like Gecko) Chrome/135.0.0.0 Safari/537.36" "-"
::1 - - [01/May/2025:09:37:17 +0000] "GET /api/health HTTP/1.1" 200 36508 "-" "curl/8.5.0" "-"
192.168.1.69 - - [01/May/2025:09:37:20 +0000] "GET /test-session-page HTTP/1.1" 200 447 "-" "Mozilla/5.0 (Windows NT 10.0; Win64; x64) AppleWebKit/537.36 (KHTML, like Gecko) Chrome/135.0.0.0 Safari/537.36" "-"
192.168.1.69 - - [01/May/2025:09:37:20 +0000] "GET /static/js/main.6d42a83a.js HTTP/1.1" 200 178509 "http://192.168.1.172/test-session-page" "Mozilla/5.0 (Windows NT 10.0; Win64; x64) AppleWebKit/537.36 (KHTML, like Gecko) Chrome/135.0.0.0 Safari/537.36" "-"
192.168.1.69 - - [01/May/2025:09:37:21 +0000] "GET /api/honeypot/angela/honey/angela HTTP/1.1" 401 26 "http://192.168.1.172/honey/dashboard" "Mozilla/5.0 (Windows NT 10.0; Win64; x64) AppleWebKit/537.36 (KHTML, like Gecko) Chrome/135.0.0.0 Safari/537.36" "-"
192.168.1.69 - - [01/May/2025:09:37:21 +0000] "GET /api/test-session HTTP/1.1" 200 8006 "http://192.168.1.172/honey/login" "Mozilla/5.0 (Windows NT 10.0; Win64; x64) AppleWebKit/537.36 (KHTML, like Gecko) Chrome/135.0.0.0 Safari/537.36" "-"
::1 - - [01/May/2025:09:37:47 +0000] "GET /api/health HTTP/1.1" 200 36508 "-" "curl/8.5.0" "-"
192.168.1.69 - - [01/May/2025:09:38:01 +0000] "GET /honey/login HTTP/1.1" 200 447 "-" "Mozilla/5.0 (Windows NT 10.0; Win64; x64) AppleWebKit/537.36 (KHTML, like Gecko) Chrome/135.0.0.0 Safari/537.36" "-"
192.168.1.69 - - [01/May/2025:09:38:01 +0000] "GET /api/test-session HTTP/1.1" 200 8006 "http://192.168.1.172/honey/login" "Mozilla/5.0 (Windows NT 10.0; Win64; x64) AppleWebKit/537.36 (KHTML, like Gecko) Chrome/135.0.0.0 Safari/537.36" "-"
192.168.1.69 - - [01/May/2025:09:38:10 +0000] "POST /api/honeypot/angela/login HTTP/1.1" 200 54 "http://192.168.1.172/honey/login" "Mozilla/5.0 (Windows NT 10.0; Win64; x64) AppleWebKit/537.36 (KHTML, like Gecko) Chrome/135.0.0.0 Safari/537.36" "-"
192.168.1.69 - - [01/May/2025:09:38:10 +0000] "GET /api/honeypot/angela/honey/angela HTTP/1.1" 401 26 "http://192.168.1.172/honey/dashboard" "Mozilla/5.0 (Windows NT 10.0; Win64; x64) AppleWebKit/537.36 (KHTML, like Gecko) Chrome/135.0.0.0 Safari/537.36" "-"
192.168.1.69 - - [01/May/2025:09:38:10 +0000] "GET /api/test-session HTTP/1.1" 200 8006 "http://192.168.1.172/honey/login" "Mozilla/5.0 (Windows NT 10.0; Win64; x64) AppleWebKit/537.36 (KHTML, like Gecko) Chrome/135.0.0.0 Safari/537.36" "-"
192.168.1.69 - - [01/May/2025:09:38:12 +0000] "GET /manifest.json HTTP/1.1" 200 266 "http://192.168.1.172/honey/login" "Mozilla/5.0 (Windows NT 10.0; Win64; x64) AppleWebKit/537.36 (KHTML, like Gecko) Chrome/135.0.0.0 Safari/537.36" "-"
192.168.1.69 - - [01/May/2025:09:38:12 +0000] "GET /static/js/main.6d42a83a.js.map HTTP/1.1" 200 4138837 "-" "Mozilla/5.0 (Windows NT 10.0; Win64; x64) AppleWebKit/537.36 (KHTML, like Gecko) Chrome/135.0.0.0 Safari/537.36" "-"
192.168.1.69 - - [01/May/2025:09:38:12 +0000] "GET /static/css/main.bdf3f817.css.map HTTP/1.1" 200 83054 "-" "Mozilla/5.0 (Windows NT 10.0; Win64; x64) AppleWebKit/537.36 (KHTML, like Gecko) Chrome/135.0.0.0 Safari/537.36" "-"
::1 - - [01/May/2025:09:38:17 +0000] "GET /api/health HTTP/1.1" 200 36508 "-" "curl/8.5.0" "-"
192.168.1.69 - - [01/May/2025:09:38:21 +0000] "POST /api/honeypot/angela/login HTTP/1.1" 200 54 "http://192.168.1.172/honey/login" "Mozilla/5.0 (Windows NT 10.0; Win64; x64) AppleWebKit/537.36 (KHTML, like Gecko) Chrome/135.0.0.0 Safari/537.36" "-"
192.168.1.69 - - [01/May/2025:09:38:21 +0000] "GET /api/honeypot/angela/honey/angela HTTP/1.1" 401 26 "http://192.168.1.172/honey/dashboard" "Mozilla/5.0 (Windows NT 10.0; Win64; x64) AppleWebKit/537.36 (KHTML, like Gecko) Chrome/135.0.0.0 Safari/537.36" "-"
192.168.1.69 - - [01/May/2025:09:38:21 +0000] "GET /api/test-session HTTP/1.1" 200 8001 "http://192.168.1.172/honey/login" "Mozilla/5.0 (Windows NT 10.0; Win64; x64) AppleWebKit/537.36 (KHTML, like Gecko) Chrome/135.0.0.0 Safari/537.36" "-"
192.168.1.69 - - [01/May/2025:09:38:29 +0000] "POST /api/honeypot/angela/login HTTP/1.1" 200 54 "http://192.168.1.172/honey/login" "Mozilla/5.0 (Windows NT 10.0; Win64; x64) AppleWebKit/537.36 (KHTML, like Gecko) Chrome/135.0.0.0 Safari/537.36" "-"
192.168.1.69 - - [01/May/2025:09:38:29 +0000] "GET /api/honeypot/angela/honey/angela HTTP/1.1" 401 26 "http://192.168.1.172/honey/dashboard" "Mozilla/5.0 (Windows NT 10.0; Win64; x64) AppleWebKit/537.36 (KHTML, like Gecko) Chrome/135.0.0.0 Safari/537.36" "-"
192.168.1.69 - - [01/May/2025:09:38:29 +0000] "GET /api/test-session HTTP/1.1" 200 8001 "http://192.168.1.172/honey/login" "Mozilla/5.0 (Windows NT 10.0; Win64; x64) AppleWebKit/537.36 (KHTML, like Gecko) Chrome/135.0.0.0 Safari/537.36" "-"
::1 - - [01/May/2025:09:38:48 +0000] "GET /api/health HTTP/1.1" 200 36508 "-" "curl/8.5.0" "-"
::1 - - [01/May/2025:09:39:18 +0000] "GET /api/health HTTP/1.1" 200 36508 "-" "curl/8.5.0" "-"
192.168.1.69 - - [01/May/2025:09:46:56 +0000] "GET /honey/login HTTP/1.1" 304 0 "-" "Mozilla/5.0 (Windows NT 10.0; Win64; x64) AppleWebKit/537.36 (KHTML, like Gecko) Chrome/135.0.0.0 Safari/537.36" "-"
192.168.1.69 - - [01/May/2025:09:46:56 +0000] "GET /api/test-session HTTP/1.1" 200 7657 "http://192.168.1.172/honey/login" "Mozilla/5.0 (Windows NT 10.0; Win64; x64) AppleWebKit/537.36 (KHTML, like Gecko) Chrome/135.0.0.0 Safari/537.36" "-"
192.168.1.69 - - [01/May/2025:09:46:57 +0000] "GET /honey/login HTTP/1.1" 304 0 "-" "Mozilla/5.0 (Windows NT 10.0; Win64; x64) AppleWebKit/537.36 (KHTML, like Gecko) Chrome/135.0.0.0 Safari/537.36" "-"
192.168.1.69 - - [01/May/2025:09:46:57 +0000] "GET /api/test-session HTTP/1.1" 200 7657 "http://192.168.1.172/honey/login" "Mozilla/5.0 (Windows NT 10.0; Win64; x64) AppleWebKit/537.36 (KHTML, like Gecko) Chrome/135.0.0.0 Safari/537.36" "-"
192.168.1.69 - - [01/May/2025:09:46:59 +0000] "GET /honey/login HTTP/1.1" 304 0 "-" "Mozilla/5.0 (Windows NT 10.0; Win64; x64) AppleWebKit/537.36 (KHTML, like Gecko) Chrome/135.0.0.0 Safari/537.36" "-"
192.168.1.69 - - [01/May/2025:09:46:59 +0000] "GET /api/test-session HTTP/1.1" 200 7657 "http://192.168.1.172/honey/login" "Mozilla/5.0 (Windows NT 10.0; Win64; x64) AppleWebKit/537.36 (KHTML, like Gecko) Chrome/135.0.0.0 Safari/537.36" "-"
192.168.1.69 - - [01/May/2025:09:47:01 +0000] "GET /honey/login HTTP/1.1" 304 0 "-" "Mozilla/5.0 (Windows NT 10.0; Win64; x64) AppleWebKit/537.36 (KHTML, like Gecko) Chrome/135.0.0.0 Safari/537.36" "-"
192.168.1.69 - - [01/May/2025:09:47:01 +0000] "GET /api/test-session HTTP/1.1" 200 7657 "http://192.168.1.172/honey/login" "Mozilla/5.0 (Windows NT 10.0; Win64; x64) AppleWebKit/537.36 (KHTML, like Gecko) Chrome/135.0.0.0 Safari/537.36" "-"
192.168.1.69 - - [01/May/2025:09:47:05 +0000] "GET /api/test-session HTTP/1.1" 200 7657 "http://192.168.1.172/honey/login" "Mozilla/5.0 (Windows NT 10.0; Win64; x64) AppleWebKit/537.36 (KHTML, like Gecko) Chrome/135.0.0.0 Safari/537.36" "-"
192.168.1.69 - - [01/May/2025:09:47:08 +0000] "GET /manifest.json HTTP/1.1" 304 0 "http://192.168.1.172/honey/login" "Mozilla/5.0 (Windows NT 10.0; Win64; x64) AppleWebKit/537.36 (KHTML, like Gecko) Chrome/135.0.0.0 Safari/537.36" "-"
192.168.1.69 - - [01/May/2025:09:47:08 +0000] "GET /static/css/main.bdf3f817.css.map HTTP/1.1" 200 83054 "-" "Mozilla/5.0 (Windows NT 10.0; Win64; x64) AppleWebKit/537.36 (KHTML, like Gecko) Chrome/135.0.0.0 Safari/537.36" "-"
192.168.1.69 - - [01/May/2025:09:47:08 +0000] "GET /static/js/main.6d42a83a.js.map HTTP/1.1" 200 4138837 "-" "Mozilla/5.0 (Windows NT 10.0; Win64; x64) AppleWebKit/537.36 (KHTML, like Gecko) Chrome/135.0.0.0 Safari/537.36" "-"
192.168.1.69 - - [01/May/2025:09:47:11 +0000] "GET /honey/login HTTP/1.1" 200 447 "-" "Mozilla/5.0 (Windows NT 10.0; Win64; x64) AppleWebKit/537.36 (KHTML, like Gecko) Chrome/135.0.0.0 Safari/537.36" "-"
192.168.1.69 - - [01/May/2025:09:47:11 +0000] "GET /static/css/main.bdf3f817.css HTTP/1.1" 200 6067 "http://192.168.1.172/honey/login" "Mozilla/5.0 (Windows NT 10.0; Win64; x64) AppleWebKit/537.36 (KHTML, like Gecko) Chrome/135.0.0.0 Safari/537.36" "-"
192.168.1.69 - - [01/May/2025:09:47:11 +0000] "GET /static/js/main.6d42a83a.js HTTP/1.1" 200 178509 "http://192.168.1.172/honey/login" "Mozilla/5.0 (Windows NT 10.0; Win64; x64) AppleWebKit/537.36 (KHTML, like Gecko) Chrome/135.0.0.0 Safari/537.36" "-"
192.168.1.69 - - [01/May/2025:09:47:11 +0000] "GET /static/css/main.bdf3f817.css.map HTTP/1.1" 200 83054 "-" "Mozilla/5.0 (Windows NT 10.0; Win64; x64) AppleWebKit/537.36 (KHTML, like Gecko) Chrome/135.0.0.0 Safari/537.36" "-"
192.168.1.69 - - [01/May/2025:09:47:11 +0000] "GET /favicon.ico HTTP/1.1" 200 4109 "http://192.168.1.172/honey/login" "Mozilla/5.0 (Windows NT 10.0; Win64; x64) AppleWebKit/537.36 (KHTML, like Gecko) Chrome/135.0.0.0 Safari/537.36" "-"
192.168.1.69 - - [01/May/2025:09:47:11 +0000] "GET /api/test-session HTTP/1.1" 200 7657 "http://192.168.1.172/honey/login" "Mozilla/5.0 (Windows NT 10.0; Win64; x64) AppleWebKit/537.36 (KHTML, like Gecko) Chrome/135.0.0.0 Safari/537.36" "-"
192.168.1.69 - - [01/May/2025:09:47:11 +0000] "GET /static/js/main.6d42a83a.js.map HTTP/1.1" 200 4138837 "-" "Mozilla/5.0 (Windows NT 10.0; Win64; x64) AppleWebKit/537.36 (KHTML, like Gecko) Chrome/135.0.0.0 Safari/537.36" "-"
::1 - - [01/May/2025:09:47:23 +0000] "GET /api/health HTTP/1.1" 200 36508 "-" "curl/8.5.0" "-"
192.168.1.69 - - [01/May/2025:09:47:29 +0000] "POST /api/honeypot/angela/login HTTP/1.1" 200 54 "http://192.168.1.172/honey/login" "Mozilla/5.0 (Windows NT 10.0; Win64; x64) AppleWebKit/537.36 (KHTML, like Gecko) Chrome/135.0.0.0 Safari/537.36" "-"
192.168.1.69 - - [01/May/2025:09:47:29 +0000] "GET /api/honeypot/angela/honey/angela HTTP/1.1" 401 26 "http://192.168.1.172/honey/dashboard" "Mozilla/5.0 (Windows NT 10.0; Win64; x64) AppleWebKit/537.36 (KHTML, like Gecko) Chrome/135.0.0.0 Safari/537.36" "-"
192.168.1.69 - - [01/May/2025:09:47:29 +0000] "GET /api/test-session HTTP/1.1" 200 7657 "http://192.168.1.172/honey/login" "Mozilla/5.0 (Windows NT 10.0; Win64; x64) AppleWebKit/537.36 (KHTML, like Gecko) Chrome/135.0.0.0 Safari/537.36" "-"
192.168.1.69 - - [01/May/2025:09:47:43 +0000] "GET /honey/login HTTP/1.1" 304 0 "-" "Mozilla/5.0 (Windows NT 10.0; Win64; x64) AppleWebKit/537.36 (KHTML, like Gecko) Chrome/135.0.0.0 Safari/537.36" "-"
192.168.1.69 - - [01/May/2025:09:47:43 +0000] "GET /api/test-session HTTP/1.1" 200 7657 "http://192.168.1.172/honey/login" "Mozilla/5.0 (Windows NT 10.0; Win64; x64) AppleWebKit/537.36 (KHTML, like Gecko) Chrome/135.0.0.0 Safari/537.36" "-"
192.168.1.69 - - [01/May/2025:09:47:44 +0000] "GET /honey/login HTTP/1.1" 304 0 "-" "Mozilla/5.0 (Windows NT 10.0; Win64; x64) AppleWebKit/537.36 (KHTML, like Gecko) Chrome/135.0.0.0 Safari/537.36" "-"
192.168.1.69 - - [01/May/2025:09:47:44 +0000] "GET /api/test-session HTTP/1.1" 200 7657 "http://192.168.1.172/honey/login" "Mozilla/5.0 (Windows NT 10.0; Win64; x64) AppleWebKit/537.36 (KHTML, like Gecko) Chrome/135.0.0.0 Safari/537.36" "-"
192.168.1.69 - - [01/May/2025:09:47:49 +0000] "POST /api/honeypot/angela/login HTTP/1.1" 200 54 "http://192.168.1.172/honey/login" "Mozilla/5.0 (Windows NT 10.0; Win64; x64) AppleWebKit/537.36 (KHTML, like Gecko) Chrome/135.0.0.0 Safari/537.36" "-"
192.168.1.69 - - [01/May/2025:09:47:49 +0000] "GET /api/honeypot/angela/honey/angela HTTP/1.1" 401 26 "http://192.168.1.172/honey/dashboard" "Mozilla/5.0 (Windows NT 10.0; Win64; x64) AppleWebKit/537.36 (KHTML, like Gecko) Chrome/135.0.0.0 Safari/537.36" "-"
192.168.1.69 - - [01/May/2025:09:47:49 +0000] "GET /api/test-session HTTP/1.1" 200 7657 "http://192.168.1.172/honey/login" "Mozilla/5.0 (Windows NT 10.0; Win64; x64) AppleWebKit/537.36 (KHTML, like Gecko) Chrome/135.0.0.0 Safari/537.36" "-"
::1 - - [01/May/2025:09:47:53 +0000] "GET /api/health HTTP/1.1" 200 36508 "-" "curl/8.5.0" "-"
192.168.1.69 - - [01/May/2025:09:48:04 +0000] "POST /api/honeypot/angela/login HTTP/1.1" 200 54 "http://192.168.1.172/honey/login" "Mozilla/5.0 (Windows NT 10.0; Win64; x64) AppleWebKit/537.36 (KHTML, like Gecko) Chrome/135.0.0.0 Safari/537.36" "-"
192.168.1.69 - - [01/May/2025:09:48:04 +0000] "GET /api/honeypot/angela/honey/angela HTTP/1.1" 401 26 "http://192.168.1.172/honey/dashboard" "Mozilla/5.0 (Windows NT 10.0; Win64; x64) AppleWebKit/537.36 (KHTML, like Gecko) Chrome/135.0.0.0 Safari/537.36" "-"
192.168.1.69 - - [01/May/2025:09:48:04 +0000] "GET /api/test-session HTTP/1.1" 200 7657 "http://192.168.1.172/honey/login" "Mozilla/5.0 (Windows NT 10.0; Win64; x64) AppleWebKit/537.36 (KHTML, like Gecko) Chrome/135.0.0.0 Safari/537.36" "-"
::1 - - [01/May/2025:09:48:23 +0000] "GET /api/health HTTP/1.1" 200 36508 "-" "curl/8.5.0" "-"
