192.168.1.69 - - [01/May/2025:06:44:52 +0000] "GET /api/honeypot/admin/csrf-token HTTP/1.1" 200 82 "http://192.168.1.172/honey/login" "Mozilla/5.0 (Windows NT 10.0; Win64; x64) AppleWebKit/537.36 (KHTML, like Gecko) Chrome/135.0.0.0 Safari/537.36" "-"
192.168.1.69 - - [01/May/2025:06:45:03 +0000] "POST /api/honeypot/admin/login HTTP/1.1" 200 54 "http://192.168.1.172/honey/login" "Mozilla/5.0 (Windows NT 10.0; Win64; x64) AppleWebKit/537.36 (KHTML, like Gecko) Chrome/135.0.0.0 Safari/537.36" "-"
192.168.1.69 - - [01/May/2025:06:45:03 +0000] "GET /api/honeypot/admin/csrf-token HTTP/1.1" 200 82 "http://192.168.1.172/honey/login" "Mozilla/5.0 (Windows NT 10.0; Win64; x64) AppleWebKit/537.36 (KHTML, like Gecko) Chrome/135.0.0.0 Safari/537.36" "-"
::1 - - [01/May/2025:06:45:16 +0000] "GET /api/health HTTP/1.1" 200 36508 "-" "curl/8.5.0" "-"
::1 - - [01/May/2025:06:45:46 +0000] "GET /api/health HTTP/1.1" 200 36508 "-" "curl/8.5.0" "-"
::1 - - [01/May/2025:06:46:16 +0000] "GET /api/health HTTP/1.1" 200 36508 "-" "curl/8.5.0" "-"
::1 - - [01/May/2025:06:46:46 +0000] "GET /api/health HTTP/1.1" 200 36508 "-" "curl/8.5.0" "-"
::1 - - [01/May/2025:06:47:16 +0000] "GET /api/health HTTP/1.1" 200 36508 "-" "curl/8.5.0" "-"
::1 - - [01/May/2025:06:47:47 +0000] "GET /api/health HTTP/1.1" 200 36508 "-" "curl/8.5.0" "-"
::1 - - [01/May/2025:06:48:17 +0000] "GET /api/health HTTP/1.1" 200 36508 "-" "curl/8.5.0" "-"
::1 - - [01/May/2025:06:48:47 +0000] "GET /api/health HTTP/1.1" 200 36508 "-" "curl/8.5.0" "-"
::1 - - [01/May/2025:06:49:17 +0000] "GET /api/health HTTP/1.1" 200 36508 "-" "curl/8.5.0" "-"
::1 - - [01/May/2025:06:49:47 +0000] "GET /api/health HTTP/1.1" 200 36508 "-" "curl/8.5.0" "-"
::1 - - [01/May/2025:06:50:17 +0000] "GET /api/health HTTP/1.1" 200 36508 "-" "curl/8.5.0" "-"
::1 - - [01/May/2025:06:50:47 +0000] "GET /api/health HTTP/1.1" 200 36508 "-" "curl/8.5.0" "-"
::1 - - [01/May/2025:06:51:17 +0000] "GET /api/health HTTP/1.1" 200 36508 "-" "curl/8.5.0" "-"
::1 - - [01/May/2025:06:51:47 +0000] "GET /api/health HTTP/1.1" 200 36508 "-" "curl/8.5.0" "-"
::1 - - [01/May/2025:06:52:17 +0000] "GET /api/health HTTP/1.1" 200 36508 "-" "curl/8.5.0" "-"
::1 - - [01/May/2025:06:52:47 +0000] "GET /api/health HTTP/1.1" 200 36508 "-" "curl/8.5.0" "-"
::1 - - [01/May/2025:06:53:17 +0000] "GET /api/health HTTP/1.1" 200 36508 "-" "curl/8.5.0" "-"
::1 - - [01/May/2025:06:53:47 +0000] "GET /api/health HTTP/1.1" 200 36508 "-" "curl/8.5.0" "-"
::1 - - [01/May/2025:06:54:17 +0000] "GET /api/health HTTP/1.1" 200 36508 "-" "curl/8.5.0" "-"
::1 - - [01/May/2025:06:54:48 +0000] "GET /api/health HTTP/1.1" 200 36508 "-" "curl/8.5.0" "-"
::1 - - [01/May/2025:06:55:18 +0000] "GET /api/health HTTP/1.1" 200 36508 "-" "curl/8.5.0" "-"
::1 - - [01/May/2025:06:55:48 +0000] "GET /api/health HTTP/1.1" 200 36508 "-" "curl/8.5.0" "-"
::1 - - [01/May/2025:06:56:18 +0000] "GET /api/health HTTP/1.1" 200 36508 "-" "curl/8.5.0" "-"
::1 - - [01/May/2025:06:56:48 +0000] "GET /api/health HTTP/1.1" 200 36508 "-" "curl/8.5.0" "-"
::1 - - [01/May/2025:06:57:18 +0000] "GET /api/health HTTP/1.1" 200 36508 "-" "curl/8.5.0" "-"
::1 - - [01/May/2025:06:57:48 +0000] "GET /api/health HTTP/1.1" 200 36508 "-" "curl/8.5.0" "-"
::1 - - [01/May/2025:06:58:18 +0000] "GET /api/health HTTP/1.1" 200 36508 "-" "curl/8.5.0" "-"
::1 - - [01/May/2025:06:58:48 +0000] "GET /api/health HTTP/1.1" 200 36508 "-" "curl/8.5.0" "-"
::1 - - [01/May/2025:06:59:18 +0000] "GET /api/health HTTP/1.1" 200 36508 "-" "curl/8.5.0" "-"
::1 - - [01/May/2025:06:59:48 +0000] "GET /api/health HTTP/1.1" 200 36508 "-" "curl/8.5.0" "-"
::1 - - [01/May/2025:07:00:18 +0000] "GET /api/health HTTP/1.1" 200 36508 "-" "curl/8.5.0" "-"
::1 - - [01/May/2025:07:00:48 +0000] "GET /api/health HTTP/1.1" 200 36508 "-" "curl/8.5.0" "-"
::1 - - [01/May/2025:07:01:19 +0000] "GET /api/health HTTP/1.1" 200 36508 "-" "curl/8.5.0" "-"
::1 - - [01/May/2025:07:01:49 +0000] "GET /api/health HTTP/1.1" 200 36508 "-" "curl/8.5.0" "-"
::1 - - [01/May/2025:07:02:19 +0000] "GET /api/health HTTP/1.1" 200 36508 "-" "curl/8.5.0" "-"
::1 - - [01/May/2025:07:02:49 +0000] "GET /api/health HTTP/1.1" 200 36508 "-" "curl/8.5.0" "-"
::1 - - [01/May/2025:07:03:19 +0000] "GET /api/health HTTP/1.1" 200 36508 "-" "curl/8.5.0" "-"
::1 - - [01/May/2025:07:03:49 +0000] "GET /api/health HTTP/1.1" 200 36508 "-" "curl/8.5.0" "-"
::1 - - [01/May/2025:07:04:19 +0000] "GET /api/health HTTP/1.1" 200 36508 "-" "curl/8.5.0" "-"
::1 - - [01/May/2025:07:04:49 +0000] "GET /api/health HTTP/1.1" 200 36508 "-" "curl/8.5.0" "-"
::1 - - [01/May/2025:07:05:19 +0000] "GET /api/health HTTP/1.1" 200 36508 "-" "curl/8.5.0" "-"
::1 - - [01/May/2025:07:05:49 +0000] "GET /api/health HTTP/1.1" 200 36508 "-" "curl/8.5.0" "-"
::1 - - [01/May/2025:07:06:19 +0000] "GET /api/health HTTP/1.1" 200 36508 "-" "curl/8.5.0" "-"
::1 - - [01/May/2025:07:06:49 +0000] "GET /api/health HTTP/1.1" 200 36508 "-" "curl/8.5.0" "-"
::1 - - [01/May/2025:07:07:20 +0000] "GET /api/health HTTP/1.1" 200 36508 "-" "curl/8.5.0" "-"
::1 - - [01/May/2025:07:07:50 +0000] "GET /api/health HTTP/1.1" 200 36508 "-" "curl/8.5.0" "-"
::1 - - [01/May/2025:07:08:20 +0000] "GET /api/health HTTP/1.1" 200 36508 "-" "curl/8.5.0" "-"
::1 - - [01/May/2025:07:08:50 +0000] "GET /api/health HTTP/1.1" 200 36508 "-" "curl/8.5.0" "-"
::1 - - [01/May/2025:07:09:20 +0000] "GET /api/health HTTP/1.1" 200 36508 "-" "curl/8.5.0" "-"
::1 - - [01/May/2025:07:14:37 +0000] "GET /api/health HTTP/1.1" 200 36508 "-" "curl/8.5.0" "-"
192.168.1.69 - - [01/May/2025:07:14:49 +0000] "GET /honey/login HTTP/1.1" 304 0 "-" "Mozilla/5.0 (Windows NT 10.0; Win64; x64) AppleWebKit/537.36 (KHTML, like Gecko) Chrome/135.0.0.0 Safari/537.36" "-"
192.168.1.69 - - [01/May/2025:07:14:50 +0000] "GET /api/honeypot/admin/csrf-token HTTP/1.1" 200 82 "http://192.168.1.172/honey/login" "Mozilla/5.0 (Windows NT 10.0; Win64; x64) AppleWebKit/537.36 (KHTML, like Gecko) Chrome/135.0.0.0 Safari/537.36" "-"
192.168.1.69 - - [01/May/2025:07:14:53 +0000] "POST /api/honeypot/admin/login HTTP/1.1" 403 41 "http://192.168.1.172/honey/login" "Mozilla/5.0 (Windows NT 10.0; Win64; x64) AppleWebKit/537.36 (KHTML, like Gecko) Chrome/135.0.0.0 Safari/537.36" "-"
192.168.1.69 - - [01/May/2025:07:14:58 +0000] "GET /manifest.json HTTP/1.1" 304 0 "http://192.168.1.172/honey/login" "Mozilla/5.0 (Windows NT 10.0; Win64; x64) AppleWebKit/537.36 (KHTML, like Gecko) Chrome/135.0.0.0 Safari/537.36" "-"
192.168.1.69 - - [01/May/2025:07:14:59 +0000] "GET /static/js/main.1004f3a6.js.map HTTP/1.1" 304 0 "-" "Mozilla/5.0 (Windows NT 10.0; Win64; x64) AppleWebKit/537.36 (KHTML, like Gecko) Chrome/135.0.0.0 Safari/537.36" "-"
192.168.1.69 - - [01/May/2025:07:14:59 +0000] "GET /static/css/main.bdf3f817.css.map HTTP/1.1" 304 0 "-" "Mozilla/5.0 (Windows NT 10.0; Win64; x64) AppleWebKit/537.36 (KHTML, like Gecko) Chrome/135.0.0.0 Safari/537.36" "-"
192.168.1.69 - - [01/May/2025:07:15:03 +0000] "GET /honey/login HTTP/1.1" 304 0 "-" "Mozilla/5.0 (Windows NT 10.0; Win64; x64) AppleWebKit/537.36 (KHTML, like Gecko) Chrome/135.0.0.0 Safari/537.36" "-"
192.168.1.69 - - [01/May/2025:07:15:04 +0000] "GET /api/honeypot/admin/csrf-token HTTP/1.1" 200 82 "http://192.168.1.172/honey/login" "Mozilla/5.0 (Windows NT 10.0; Win64; x64) AppleWebKit/537.36 (KHTML, like Gecko) Chrome/135.0.0.0 Safari/537.36" "-"
::1 - - [01/May/2025:07:15:07 +0000] "GET /api/health HTTP/1.1" 200 36508 "-" "curl/8.5.0" "-"
192.168.1.69 - - [01/May/2025:07:15:09 +0000] "POST /api/honeypot/admin/login HTTP/1.1" 403 41 "http://192.168.1.172/honey/login" "Mozilla/5.0 (Windows NT 10.0; Win64; x64) AppleWebKit/537.36 (KHTML, like Gecko) Chrome/135.0.0.0 Safari/537.36" "-"
::1 - - [01/May/2025:07:15:37 +0000] "GET /api/health HTTP/1.1" 200 36508 "-" "curl/8.5.0" "-"
::1 - - [01/May/2025:07:16:07 +0000] "GET /api/health HTTP/1.1" 200 36508 "-" "curl/8.5.0" "-"
::1 - - [01/May/2025:07:16:38 +0000] "GET /api/health HTTP/1.1" 200 36508 "-" "curl/8.5.0" "-"
::1 - - [01/May/2025:07:17:59 +0000] "GET /api/health HTTP/1.1" 200 36508 "-" "curl/8.5.0" "-"
192.168.1.69 - - [01/May/2025:07:18:10 +0000] "POST /api/honeypot/admin/login HTTP/1.1" 403 41 "http://192.168.1.172/honey/login" "Mozilla/5.0 (Windows NT 10.0; Win64; x64) AppleWebKit/537.36 (KHTML, like Gecko) Chrome/135.0.0.0 Safari/537.36" "-"
192.168.1.69 - - [01/May/2025:07:18:11 +0000] "POST /api/honeypot/admin/login HTTP/1.1" 403 41 "http://192.168.1.172/honey/login" "Mozilla/5.0 (Windows NT 10.0; Win64; x64) AppleWebKit/537.36 (KHTML, like Gecko) Chrome/135.0.0.0 Safari/537.36" "-"
::1 - - [01/May/2025:07:18:29 +0000] "GET /api/health HTTP/1.1" 200 36508 "-" "curl/8.5.0" "-"
::1 - - [01/May/2025:07:18:59 +0000] "GET /api/health HTTP/1.1" 200 36508 "-" "curl/8.5.0" "-"
::1 - - [01/May/2025:07:19:29 +0000] "GET /api/health HTTP/1.1" 200 36508 "-" "curl/8.5.0" "-"
::1 - - [01/May/2025:07:19:59 +0000] "GET /api/health HTTP/1.1" 200 36508 "-" "curl/8.5.0" "-"
192.168.1.69 - - [01/May/2025:07:27:45 +0000] "GET /honey/login HTTP/1.1" 200 449 "-" "Mozilla/5.0 (Windows NT 10.0; Win64; x64) AppleWebKit/537.36 (KHTML, like Gecko) Chrome/135.0.0.0 Safari/537.36" "-"
192.168.1.69 - - [01/May/2025:07:27:45 +0000] "GET /static/js/main.46633050.js HTTP/1.1" 200 178267 "http://192.168.1.172/honey/login" "Mozilla/5.0 (Windows NT 10.0; Win64; x64) AppleWebKit/537.36 (KHTML, like Gecko) Chrome/135.0.0.0 Safari/537.36" "-"
192.168.1.69 - - [01/May/2025:07:27:45 +0000] "GET /api/honeypot/admin/csrf-token HTTP/1.1" 200 82 "http://192.168.1.172/honey/login" "Mozilla/5.0 (Windows NT 10.0; Win64; x64) AppleWebKit/537.36 (KHTML, like Gecko) Chrome/135.0.0.0 Safari/537.36" "-"
192.168.1.69 - - [01/May/2025:07:27:55 +0000] "POST /api/honeypot/admin/login HTTP/1.1" 403 41 "http://192.168.1.172/honey/login" "Mozilla/5.0 (Windows NT 10.0; Win64; x64) AppleWebKit/537.36 (KHTML, like Gecko) Chrome/135.0.0.0 Safari/537.36" "-"
192.168.1.69 - - [01/May/2025:07:38:41 +0000] "GET /honey/login HTTP/1.1" 200 448 "-" "Mozilla/5.0 (Windows NT 10.0; Win64; x64) AppleWebKit/537.36 (KHTML, like Gecko) Chrome/135.0.0.0 Safari/537.36 Edg/135.0.0.0" "-"
192.168.1.69 - - [01/May/2025:07:38:41 +0000] "GET /static/css/main.bdf3f817.css HTTP/1.1" 200 6067 "http://192.168.1.172/honey/login" "Mozilla/5.0 (Windows NT 10.0; Win64; x64) AppleWebKit/537.36 (KHTML, like Gecko) Chrome/135.0.0.0 Safari/537.36 Edg/135.0.0.0" "-"
192.168.1.69 - - [01/May/2025:07:38:41 +0000] "GET /static/js/main.199c1f88.js HTTP/1.1" 200 178266 "http://192.168.1.172/honey/login" "Mozilla/5.0 (Windows NT 10.0; Win64; x64) AppleWebKit/537.36 (KHTML, like Gecko) Chrome/135.0.0.0 Safari/537.36 Edg/135.0.0.0" "-"
192.168.1.69 - - [01/May/2025:07:38:41 +0000] "GET /api/honeypot/admin/csrf-token HTTP/1.1" 200 82 "http://192.168.1.172/honey/login" "Mozilla/5.0 (Windows NT 10.0; Win64; x64) AppleWebKit/537.36 (KHTML, like Gecko) Chrome/135.0.0.0 Safari/537.36 Edg/135.0.0.0" "-"
192.168.1.69 - - [01/May/2025:07:38:41 +0000] "GET /favicon.ico HTTP/1.1" 200 4109 "http://192.168.1.172/honey/login" "Mozilla/5.0 (Windows NT 10.0; Win64; x64) AppleWebKit/537.36 (KHTML, like Gecko) Chrome/135.0.0.0 Safari/537.36 Edg/135.0.0.0" "-"
192.168.1.69 - - [01/May/2025:07:38:47 +0000] "GET /manifest.json HTTP/1.1" 200 266 "http://192.168.1.172/honey/login" "Mozilla/5.0 (Windows NT 10.0; Win64; x64) AppleWebKit/537.36 (KHTML, like Gecko) Chrome/135.0.0.0 Safari/537.36 Edg/135.0.0.0" "-"
::1 - - [01/May/2025:07:38:47 +0000] "GET /api/health HTTP/1.1" 200 36508 "-" "curl/8.5.0" "-"
192.168.1.69 - - [01/May/2025:07:38:47 +0000] "GET /static/css/main.bdf3f817.css.map HTTP/1.1" 200 83054 "-" "Mozilla/5.0 (Windows NT 10.0; Win64; x64) AppleWebKit/537.36 (KHTML, like Gecko) Chrome/135.0.0.0 Safari/537.36 Edg/135.0.0.0" "-"
192.168.1.69 - - [01/May/2025:07:38:47 +0000] "GET /static/js/main.199c1f88.js.map HTTP/1.1" 200 4136428 "-" "Mozilla/5.0 (Windows NT 10.0; Win64; x64) AppleWebKit/537.36 (KHTML, like Gecko) Chrome/135.0.0.0 Safari/537.36 Edg/135.0.0.0" "-"
192.168.1.69 - - [01/May/2025:07:38:53 +0000] "POST /api/honeypot/admin/login HTTP/1.1" 403 41 "http://192.168.1.172/honey/login" "Mozilla/5.0 (Windows NT 10.0; Win64; x64) AppleWebKit/537.36 (KHTML, like Gecko) Chrome/135.0.0.0 Safari/537.36 Edg/135.0.0.0" "-"
::1 - - [01/May/2025:07:39:17 +0000] "GET /api/health HTTP/1.1" 200 36508 "-" "curl/8.5.0" "-"
::1 - - [01/May/2025:07:43:30 +0000] "GET /api/health HTTP/1.1" 200 36508 "-" "curl/8.5.0" "-"
::1 - - [01/May/2025:07:44:00 +0000] "GET /api/health HTTP/1.1" 200 36508 "-" "curl/8.5.0" "-"
192.168.1.69 - - [01/May/2025:07:44:08 +0000] "GET /honey/login HTTP/1.1" 200 448 "-" "Mozilla/5.0 (Windows NT 10.0; Win64; x64) AppleWebKit/537.36 (KHTML, like Gecko) Chrome/135.0.0.0 Safari/537.36 Edg/135.0.0.0" "-"
192.168.1.69 - - [01/May/2025:07:44:08 +0000] "GET /static/js/main.261e0164.js HTTP/1.1" 200 178271 "http://192.168.1.172/honey/login" "Mozilla/5.0 (Windows NT 10.0; Win64; x64) AppleWebKit/537.36 (KHTML, like Gecko) Chrome/135.0.0.0 Safari/537.36 Edg/135.0.0.0" "-"
192.168.1.69 - - [01/May/2025:07:44:08 +0000] "GET /api/honeypot/admin/csrf-token HTTP/1.1" 200 82 "http://192.168.1.172/honey/login" "Mozilla/5.0 (Windows NT 10.0; Win64; x64) AppleWebKit/537.36 (KHTML, like Gecko) Chrome/135.0.0.0 Safari/537.36 Edg/135.0.0.0" "-"
192.168.1.69 - - [01/May/2025:07:44:15 +0000] "POST /api/honeypot/admin/login HTTP/1.1" 403 41 "http://192.168.1.172/honey/login" "Mozilla/5.0 (Windows NT 10.0; Win64; x64) AppleWebKit/537.36 (KHTML, like Gecko) Chrome/135.0.0.0 Safari/537.36 Edg/135.0.0.0" "-"
192.168.1.69 - - [01/May/2025:07:44:18 +0000] "GET /manifest.json HTTP/1.1" 200 266 "http://192.168.1.172/honey/login" "Mozilla/5.0 (Windows NT 10.0; Win64; x64) AppleWebKit/537.36 (KHTML, like Gecko) Chrome/135.0.0.0 Safari/537.36 Edg/135.0.0.0" "-"
192.168.1.69 - - [01/May/2025:07:44:18 +0000] "GET /static/css/main.bdf3f817.css.map HTTP/1.1" 200 83054 "-" "Mozilla/5.0 (Windows NT 10.0; Win64; x64) AppleWebKit/537.36 (KHTML, like Gecko) Chrome/135.0.0.0 Safari/537.36 Edg/135.0.0.0" "-"
192.168.1.69 - - [01/May/2025:07:44:19 +0000] "GET /static/js/main.261e0164.js.map HTTP/1.1" 200 4136424 "-" "Mozilla/5.0 (Windows NT 10.0; Win64; x64) AppleWebKit/537.36 (KHTML, like Gecko) Chrome/135.0.0.0 Safari/537.36 Edg/135.0.0.0" "-"
192.168.1.69 - - [01/May/2025:07:57:42 +0000] "GET /honey/login HTTP/1.1" 200 447 "-" "Mozilla/5.0 (Windows NT 10.0; Win64; x64) AppleWebKit/537.36 (KHTML, like Gecko) Chrome/135.0.0.0 Safari/537.36" "-"
192.168.1.69 - - [01/May/2025:07:57:42 +0000] "GET /static/js/main.ccc98c31.js HTTP/1.1" 200 178215 "http://192.168.1.172/honey/login" "Mozilla/5.0 (Windows NT 10.0; Win64; x64) AppleWebKit/537.36 (KHTML, like Gecko) Chrome/135.0.0.0 Safari/537.36" "-"
192.168.1.69 - - [01/May/2025:07:57:52 +0000] "GET /honey/login HTTP/1.1" 304 0 "-" "Mozilla/5.0 (Windows NT 10.0; Win64; x64) AppleWebKit/537.36 (KHTML, like Gecko) Chrome/135.0.0.0 Safari/537.36" "-"
192.168.1.69 - - [01/May/2025:07:59:50 +0000] "GET /honey/login HTTP/1.1" 304 0 "-" "Mozilla/5.0 (Windows NT 10.0; Win64; x64) AppleWebKit/537.36 (KHTML, like Gecko) Chrome/135.0.0.0 Safari/537.36" "-"
192.168.1.69 - - [01/May/2025:07:59:50 +0000] "GET /manifest.json HTTP/1.1" 200 266 "http://192.168.1.172/honey/login" "Mozilla/5.0 (Windows NT 10.0; Win64; x64) AppleWebKit/537.36 (KHTML, like Gecko) Chrome/135.0.0.0 Safari/537.36" "-"
192.168.1.69 - - [01/May/2025:07:59:51 +0000] "GET /static/css/main.bdf3f817.css.map HTTP/1.1" 200 83054 "-" "Mozilla/5.0 (Windows NT 10.0; Win64; x64) AppleWebKit/537.36 (KHTML, like Gecko) Chrome/135.0.0.0 Safari/537.36" "-"
192.168.1.69 - - [01/May/2025:07:59:51 +0000] "GET /static/js/main.ccc98c31.js.map HTTP/1.1" 200 4135894 "-" "Mozilla/5.0 (Windows NT 10.0; Win64; x64) AppleWebKit/537.36 (KHTML, like Gecko) Chrome/135.0.0.0 Safari/537.36" "-"
192.168.1.69 - - [01/May/2025:07:59:54 +0000] "GET /honey/login HTTP/1.1" 304 0 "-" "Mozilla/5.0 (Windows NT 10.0; Win64; x64) AppleWebKit/537.36 (KHTML, like Gecko) Chrome/135.0.0.0 Safari/537.36" "-"
192.168.1.69 - - [01/May/2025:08:00:00 +0000] "GET /honey/login HTTP/1.1" 304 0 "-" "Mozilla/5.0 (Windows NT 10.0; Win64; x64) AppleWebKit/537.36 (KHTML, like Gecko) Chrome/135.0.0.0 Safari/537.36" "-"
::1 - - [01/May/2025:08:00:03 +0000] "GET /api/health HTTP/1.1" 200 36508 "-" "curl/8.5.0" "-"
192.168.1.69 - - [01/May/2025:08:00:06 +0000] "GET /honey/login HTTP/1.1" 304 0 "-" "Mozilla/5.0 (Windows NT 10.0; Win64; x64) AppleWebKit/537.36 (KHTML, like Gecko) Chrome/135.0.0.0 Safari/537.36" "-"
192.168.1.69 - - [01/May/2025:08:00:07 +0000] "GET /static/css/main.bdf3f817.css.map HTTP/1.1" 304 0 "-" "Mozilla/5.0 (Windows NT 10.0; Win64; x64) AppleWebKit/537.36 (KHTML, like Gecko) Chrome/135.0.0.0 Safari/537.36" "-"
192.168.1.69 - - [01/May/2025:08:00:07 +0000] "GET /static/js/main.ccc98c31.js.map HTTP/1.1" 304 0 "-" "Mozilla/5.0 (Windows NT 10.0; Win64; x64) AppleWebKit/537.36 (KHTML, like Gecko) Chrome/135.0.0.0 Safari/537.36" "-"
::1 - - [01/May/2025:08:04:36 +0000] "GET /api/health HTTP/1.1" 200 36508 "-" "curl/8.5.0" "-"
192.168.1.69 - - [01/May/2025:08:04:51 +0000] "GET /honey/login HTTP/1.1" 200 447 "-" "Mozilla/5.0 (Windows NT 10.0; Win64; x64) AppleWebKit/537.36 (KHTML, like Gecko) Chrome/135.0.0.0 Safari/537.36" "-"
192.168.1.69 - - [01/May/2025:08:04:51 +0000] "GET /static/css/main.bdf3f817.css HTTP/1.1" 200 6067 "http://192.168.1.172/honey/login" "Mozilla/5.0 (Windows NT 10.0; Win64; x64) AppleWebKit/537.36 (KHTML, like Gecko) Chrome/135.0.0.0 Safari/537.36" "-"
192.168.1.69 - - [01/May/2025:08:04:51 +0000] "GET /static/js/main.ccc98c31.js HTTP/1.1" 200 178215 "http://192.168.1.172/honey/login" "Mozilla/5.0 (Windows NT 10.0; Win64; x64) AppleWebKit/537.36 (KHTML, like Gecko) Chrome/135.0.0.0 Safari/537.36" "-"
192.168.1.69 - - [01/May/2025:08:04:51 +0000] "GET /favicon.ico HTTP/1.1" 200 4109 "http://192.168.1.172/honey/login" "Mozilla/5.0 (Windows NT 10.0; Win64; x64) AppleWebKit/537.36 (KHTML, like Gecko) Chrome/135.0.0.0 Safari/537.36" "-"
192.168.1.69 - - [01/May/2025:08:05:03 +0000] "GET /manifest.json HTTP/1.1" 200 266 "http://192.168.1.172/honey/login" "Mozilla/5.0 (Windows NT 10.0; Win64; x64) AppleWebKit/537.36 (KHTML, like Gecko) Chrome/135.0.0.0 Safari/537.36" "-"
192.168.1.69 - - [01/May/2025:08:05:03 +0000] "GET /static/css/main.bdf3f817.css.map HTTP/1.1" 200 83054 "-" "Mozilla/5.0 (Windows NT 10.0; Win64; x64) AppleWebKit/537.36 (KHTML, like Gecko) Chrome/135.0.0.0 Safari/537.36" "-"
192.168.1.69 - - [01/May/2025:08:05:03 +0000] "GET /static/js/main.ccc98c31.js.map HTTP/1.1" 200 4135894 "-" "Mozilla/5.0 (Windows NT 10.0; Win64; x64) AppleWebKit/537.36 (KHTML, like Gecko) Chrome/135.0.0.0 Safari/537.36" "-"
::1 - - [01/May/2025:08:05:06 +0000] "GET /api/health HTTP/1.1" 200 36508 "-" "curl/8.5.0" "-"
192.168.1.69 - - [01/May/2025:08:05:11 +0000] "GET /honey/login HTTP/1.1" 304 0 "-" "Mozilla/5.0 (Windows NT 10.0; Win64; x64) AppleWebKit/537.36 (KHTML, like Gecko) Chrome/135.0.0.0 Safari/537.36" "-"
::1 - - [01/May/2025:08:05:36 +0000] "GET /api/health HTTP/1.1" 200 36508 "-" "curl/8.5.0" "-"
::1 - - [01/May/2025:08:06:06 +0000] "GET /api/health HTTP/1.1" 200 36508 "-" "curl/8.5.0" "-"
192.168.1.69 - - [01/May/2025:08:07:49 +0000] "GET /honey/dashboard HTTP/1.1" 200 447 "-" "Mozilla/5.0 (Windows NT 10.0; Win64; x64) AppleWebKit/537.36 (KHTML, like Gecko) Chrome/135.0.0.0 Safari/537.36" "-"
192.168.1.69 - - [01/May/2025:08:07:50 +0000] "GET /api/honeypot/angela HTTP/1.1" 200 8004 "http://192.168.1.172/honey/dashboard" "Mozilla/5.0 (Windows NT 10.0; Win64; x64) AppleWebKit/537.36 (KHTML, like Gecko) Chrome/135.0.0.0 Safari/537.36" "-"
192.168.1.69 - - [01/May/2025:08:07:50 +0000] "GET /static/js/main.ccc98c31.js.map HTTP/1.1" 304 0 "-" "Mozilla/5.0 (Windows NT 10.0; Win64; x64) AppleWebKit/537.36 (KHTML, like Gecko) Chrome/135.0.0.0 Safari/537.36" "-"
192.168.1.69 - - [01/May/2025:08:07:50 +0000] "GET /static/css/main.bdf3f817.css.map HTTP/1.1" 304 0 "-" "Mozilla/5.0 (Windows NT 10.0; Win64; x64) AppleWebKit/537.36 (KHTML, like Gecko) Chrome/135.0.0.0 Safari/537.36" "-"
::1 - - [01/May/2025:08:08:05 +0000] "GET /api/health HTTP/1.1" 200 36508 "-" "curl/8.5.0" "-"
192.168.1.69 - - [01/May/2025:08:08:09 +0000] "GET /api/honeypot/angela HTTP/1.1" 200 8004 "http://192.168.1.172/honey/dashboard" "Mozilla/5.0 (Windows NT 10.0; Win64; x64) AppleWebKit/537.36 (KHTML, like Gecko) Chrome/135.0.0.0 Safari/537.36" "-"
192.168.1.69 - - [01/May/2025:08:08:30 +0000] "GET /api/admin/login HTTP/1.1" 200 24093 "-" "Mozilla/5.0 (Windows NT 10.0; Win64; x64) AppleWebKit/537.36 (KHTML, like Gecko) Chrome/135.0.0.0 Safari/537.36" "-"
192.168.1.69 - - [01/May/2025:08:08:31 +0000] "POST /honeypot/log-interaction HTTP/1.1" 405 552 "http://192.168.1.172/api/admin/login" "Mozilla/5.0 (Windows NT 10.0; Win64; x64) AppleWebKit/537.36 (KHTML, like Gecko) Chrome/135.0.0.0 Safari/537.36" "-"
::1 - - [01/May/2025:08:08:35 +0000] "GET /api/health HTTP/1.1" 200 36508 "-" "curl/8.5.0" "-"
192.168.1.69 - - [01/May/2025:08:08:40 +0000] "POST /honeypot/log-interaction HTTP/1.1" 405 552 "http://192.168.1.172/api/admin/login" "Mozilla/5.0 (Windows NT 10.0; Win64; x64) AppleWebKit/537.36 (KHTML, like Gecko) Chrome/135.0.0.0 Safari/537.36" "-"
192.168.1.69 - - [01/May/2025:08:08:46 +0000] "POST /honeypot/log-interaction HTTP/1.1" 405 552 "http://192.168.1.172/api/admin/login" "Mozilla/5.0 (Windows NT 10.0; Win64; x64) AppleWebKit/537.36 (KHTML, like Gecko) Chrome/135.0.0.0 Safari/537.36" "-"
192.168.1.69 - - [01/May/2025:08:08:49 +0000] "POST /honeypot/log-interaction HTTP/1.1" 405 552 "http://192.168.1.172/api/admin/login" "Mozilla/5.0 (Windows NT 10.0; Win64; x64) AppleWebKit/537.36 (KHTML, like Gecko) Chrome/135.0.0.0 Safari/537.36" "-"
192.168.1.69 - - [01/May/2025:08:08:52 +0000] "POST /honeypot/log-interaction HTTP/1.1" 405 552 "http://192.168.1.172/api/admin/login" "Mozilla/5.0 (Windows NT 10.0; Win64; x64) AppleWebKit/537.36 (KHTML, like Gecko) Chrome/135.0.0.0 Safari/537.36" "-"
192.168.1.69 - - [01/May/2025:08:08:55 +0000] "POST /honeypot/log-interaction HTTP/1.1" 405 552 "http://192.168.1.172/api/admin/login" "Mozilla/5.0 (Windows NT 10.0; Win64; x64) AppleWebKit/537.36 (KHTML, like Gecko) Chrome/135.0.0.0 Safari/537.36" "-"
::1 - - [01/May/2025:08:09:06 +0000] "GET /api/health HTTP/1.1" 200 36508 "-" "curl/8.5.0" "-"
192.168.1.69 - - [01/May/2025:08:09:07 +0000] "POST /honeypot/log-interaction HTTP/1.1" 405 552 "http://192.168.1.172/api/admin/login" "Mozilla/5.0 (Windows NT 10.0; Win64; x64) AppleWebKit/537.36 (KHTML, like Gecko) Chrome/135.0.0.0 Safari/537.36" "-"
192.168.1.69 - - [01/May/2025:08:09:10 +0000] "POST /honeypot/log-interaction HTTP/1.1" 405 552 "http://192.168.1.172/api/admin/login" "Mozilla/5.0 (Windows NT 10.0; Win64; x64) AppleWebKit/537.36 (KHTML, like Gecko) Chrome/135.0.0.0 Safari/537.36" "-"
192.168.1.69 - - [01/May/2025:08:09:11 +0000] "POST /honeypot/log-interaction HTTP/1.1" 405 552 "http://192.168.1.172/api/admin/login" "Mozilla/5.0 (Windows NT 10.0; Win64; x64) AppleWebKit/537.36 (KHTML, like Gecko) Chrome/135.0.0.0 Safari/537.36" "-"
192.168.1.69 - - [01/May/2025:08:09:13 +0000] "POST /honeypot/log-interaction HTTP/1.1" 405 552 "http://192.168.1.172/api/admin/login" "Mozilla/5.0 (Windows NT 10.0; Win64; x64) AppleWebKit/537.36 (KHTML, like Gecko) Chrome/135.0.0.0 Safari/537.36" "-"
192.168.1.69 - - [01/May/2025:08:09:16 +0000] "POST /honeypot/log-interaction HTTP/1.1" 405 552 "http://192.168.1.172/api/admin/login" "Mozilla/5.0 (Windows NT 10.0; Win64; x64) AppleWebKit/537.36 (KHTML, like Gecko) Chrome/135.0.0.0 Safari/537.36" "-"
192.168.1.69 - - [01/May/2025:08:09:19 +0000] "POST /honeypot/log-interaction HTTP/1.1" 405 552 "http://192.168.1.172/api/admin/login" "Mozilla/5.0 (Windows NT 10.0; Win64; x64) AppleWebKit/537.36 (KHTML, like Gecko) Chrome/135.0.0.0 Safari/537.36" "-"
192.168.1.69 - - [01/May/2025:08:09:28 +0000] "POST /honeypot/log-interaction HTTP/1.1" 405 552 "http://192.168.1.172/api/admin/login" "Mozilla/5.0 (Windows NT 10.0; Win64; x64) AppleWebKit/537.36 (KHTML, like Gecko) Chrome/135.0.0.0 Safari/537.36" "-"
192.168.1.69 - - [01/May/2025:08:09:31 +0000] "POST /honeypot/log-interaction HTTP/1.1" 405 552 "http://192.168.1.172/api/admin/login" "Mozilla/5.0 (Windows NT 10.0; Win64; x64) AppleWebKit/537.36 (KHTML, like Gecko) Chrome/135.0.0.0 Safari/537.36" "-"
192.168.1.69 - - [01/May/2025:08:09:31 +0000] "POST /honeypot/log-interaction HTTP/1.1" 405 552 "http://192.168.1.172/api/admin/login" "Mozilla/5.0 (Windows NT 10.0; Win64; x64) AppleWebKit/537.36 (KHTML, like Gecko) Chrome/135.0.0.0 Safari/537.36" "-"
192.168.1.69 - - [01/May/2025:08:09:34 +0000] "POST /honeypot/log-interaction HTTP/1.1" 405 552 "http://192.168.1.172/api/admin/login" "Mozilla/5.0 (Windows NT 10.0; Win64; x64) AppleWebKit/537.36 (KHTML, like Gecko) Chrome/135.0.0.0 Safari/537.36" "-"
::1 - - [01/May/2025:08:09:36 +0000] "GET /api/health HTTP/1.1" 200 36508 "-" "curl/8.5.0" "-"
192.168.1.69 - - [01/May/2025:08:09:37 +0000] "POST /honeypot/log-interaction HTTP/1.1" 405 552 "http://192.168.1.172/api/admin/login" "Mozilla/5.0 (Windows NT 10.0; Win64; x64) AppleWebKit/537.36 (KHTML, like Gecko) Chrome/135.0.0.0 Safari/537.36" "-"
192.168.1.69 - - [01/May/2025:08:09:43 +0000] "POST /honeypot/log-interaction HTTP/1.1" 405 552 "http://192.168.1.172/api/admin/login" "Mozilla/5.0 (Windows NT 10.0; Win64; x64) AppleWebKit/537.36 (KHTML, like Gecko) Chrome/135.0.0.0 Safari/537.36" "-"
192.168.1.69 - - [01/May/2025:08:09:46 +0000] "POST /honeypot/log-interaction HTTP/1.1" 405 552 "http://192.168.1.172/api/admin/login" "Mozilla/5.0 (Windows NT 10.0; Win64; x64) AppleWebKit/537.36 (KHTML, like Gecko) Chrome/135.0.0.0 Safari/537.36" "-"
192.168.1.69 - - [01/May/2025:08:09:52 +0000] "POST /honeypot/log-interaction HTTP/1.1" 405 552 "http://192.168.1.172/api/admin/login" "Mozilla/5.0 (Windows NT 10.0; Win64; x64) AppleWebKit/537.36 (KHTML, like Gecko) Chrome/135.0.0.0 Safari/537.36" "-"
192.168.1.69 - - [01/May/2025:08:09:55 +0000] "POST /honeypot/log-interaction HTTP/1.1" 405 552 "http://192.168.1.172/api/admin/login" "Mozilla/5.0 (Windows NT 10.0; Win64; x64) AppleWebKit/537.36 (KHTML, like Gecko) Chrome/135.0.0.0 Safari/537.36" "-"
192.168.1.69 - - [01/May/2025:08:09:58 +0000] "POST /honeypot/log-interaction HTTP/1.1" 405 552 "http://192.168.1.172/api/admin/login" "Mozilla/5.0 (Windows NT 10.0; Win64; x64) AppleWebKit/537.36 (KHTML, like Gecko) Chrome/135.0.0.0 Safari/537.36" "-"
192.168.1.69 - - [01/May/2025:08:10:01 +0000] "POST /honeypot/log-interaction HTTP/1.1" 405 552 "http://192.168.1.172/api/admin/login" "Mozilla/5.0 (Windows NT 10.0; Win64; x64) AppleWebKit/537.36 (KHTML, like Gecko) Chrome/135.0.0.0 Safari/537.36" "-"
192.168.1.69 - - [01/May/2025:08:10:04 +0000] "POST /honeypot/log-interaction HTTP/1.1" 405 552 "http://192.168.1.172/api/admin/login" "Mozilla/5.0 (Windows NT 10.0; Win64; x64) AppleWebKit/537.36 (KHTML, like Gecko) Chrome/135.0.0.0 Safari/537.36" "-"
::1 - - [01/May/2025:08:10:06 +0000] "GET /api/health HTTP/1.1" 200 36508 "-" "curl/8.5.0" "-"
192.168.1.69 - - [01/May/2025:08:10:07 +0000] "POST /honeypot/log-interaction HTTP/1.1" 405 552 "http://192.168.1.172/api/admin/login" "Mozilla/5.0 (Windows NT 10.0; Win64; x64) AppleWebKit/537.36 (KHTML, like Gecko) Chrome/135.0.0.0 Safari/537.36" "-"
192.168.1.69 - - [01/May/2025:08:10:11 +0000] "POST /honeypot/log-interaction HTTP/1.1" 405 552 "http://192.168.1.172/api/admin/login" "Mozilla/5.0 (Windows NT 10.0; Win64; x64) AppleWebKit/537.36 (KHTML, like Gecko) Chrome/135.0.0.0 Safari/537.36" "-"
192.168.1.69 - - [01/May/2025:08:10:16 +0000] "POST /honeypot/log-interaction HTTP/1.1" 405 552 "http://192.168.1.172/api/admin/login" "Mozilla/5.0 (Windows NT 10.0; Win64; x64) AppleWebKit/537.36 (KHTML, like Gecko) Chrome/135.0.0.0 Safari/537.36" "-"
192.168.1.69 - - [01/May/2025:08:10:19 +0000] "POST /honeypot/log-interaction HTTP/1.1" 405 552 "http://192.168.1.172/api/admin/login" "Mozilla/5.0 (Windows NT 10.0; Win64; x64) AppleWebKit/537.36 (KHTML, like Gecko) Chrome/135.0.0.0 Safari/537.36" "-"
192.168.1.69 - - [01/May/2025:08:10:25 +0000] "POST /honeypot/log-interaction HTTP/1.1" 405 552 "http://192.168.1.172/api/admin/login" "Mozilla/5.0 (Windows NT 10.0; Win64; x64) AppleWebKit/537.36 (KHTML, like Gecko) Chrome/135.0.0.0 Safari/537.36" "-"
192.168.1.69 - - [01/May/2025:08:10:31 +0000] "POST /honeypot/log-interaction HTTP/1.1" 405 552 "http://192.168.1.172/api/admin/login" "Mozilla/5.0 (Windows NT 10.0; Win64; x64) AppleWebKit/537.36 (KHTML, like Gecko) Chrome/135.0.0.0 Safari/537.36" "-"
192.168.1.69 - - [01/May/2025:08:10:31 +0000] "POST /honeypot/log-interaction HTTP/1.1" 405 552 "http://192.168.1.172/api/admin/login" "Mozilla/5.0 (Windows NT 10.0; Win64; x64) AppleWebKit/537.36 (KHTML, like Gecko) Chrome/135.0.0.0 Safari/537.36" "-"
::1 - - [01/May/2025:08:10:36 +0000] "GET /api/health HTTP/1.1" 200 36508 "-" "curl/8.5.0" "-"
192.168.1.69 - - [01/May/2025:08:10:37 +0000] "POST /honeypot/log-interaction HTTP/1.1" 405 552 "http://192.168.1.172/api/admin/login" "Mozilla/5.0 (Windows NT 10.0; Win64; x64) AppleWebKit/537.36 (KHTML, like Gecko) Chrome/135.0.0.0 Safari/537.36" "-"
192.168.1.69 - - [01/May/2025:08:10:40 +0000] "POST /honeypot/log-interaction HTTP/1.1" 405 552 "http://192.168.1.172/api/admin/login" "Mozilla/5.0 (Windows NT 10.0; Win64; x64) AppleWebKit/537.36 (KHTML, like Gecko) Chrome/135.0.0.0 Safari/537.36" "-"
192.168.1.69 - - [01/May/2025:08:10:43 +0000] "POST /honeypot/log-interaction HTTP/1.1" 405 552 "http://192.168.1.172/api/admin/login" "Mozilla/5.0 (Windows NT 10.0; Win64; x64) AppleWebKit/537.36 (KHTML, like Gecko) Chrome/135.0.0.0 Safari/537.36" "-"
192.168.1.69 - - [01/May/2025:08:10:46 +0000] "POST /honeypot/log-interaction HTTP/1.1" 405 552 "http://192.168.1.172/api/admin/login" "Mozilla/5.0 (Windows NT 10.0; Win64; x64) AppleWebKit/537.36 (KHTML, like Gecko) Chrome/135.0.0.0 Safari/537.36" "-"
192.168.1.69 - - [01/May/2025:08:10:55 +0000] "POST /honeypot/log-interaction HTTP/1.1" 405 552 "http://192.168.1.172/api/admin/login" "Mozilla/5.0 (Windows NT 10.0; Win64; x64) AppleWebKit/537.36 (KHTML, like Gecko) Chrome/135.0.0.0 Safari/537.36" "-"
192.168.1.69 - - [01/May/2025:08:10:58 +0000] "POST /honeypot/log-interaction HTTP/1.1" 405 552 "http://192.168.1.172/api/admin/login" "Mozilla/5.0 (Windows NT 10.0; Win64; x64) AppleWebKit/537.36 (KHTML, like Gecko) Chrome/135.0.0.0 Safari/537.36" "-"
192.168.1.69 - - [01/May/2025:08:11:04 +0000] "POST /honeypot/log-interaction HTTP/1.1" 405 552 "http://192.168.1.172/api/admin/login" "Mozilla/5.0 (Windows NT 10.0; Win64; x64) AppleWebKit/537.36 (KHTML, like Gecko) Chrome/135.0.0.0 Safari/537.36" "-"
::1 - - [01/May/2025:08:11:06 +0000] "GET /api/health HTTP/1.1" 200 36508 "-" "curl/8.5.0" "-"
192.168.1.69 - - [01/May/2025:08:11:07 +0000] "POST /honeypot/log-interaction HTTP/1.1" 405 552 "http://192.168.1.172/api/admin/login" "Mozilla/5.0 (Windows NT 10.0; Win64; x64) AppleWebKit/537.36 (KHTML, like Gecko) Chrome/135.0.0.0 Safari/537.36" "-"
192.168.1.69 - - [01/May/2025:08:11:13 +0000] "POST /honeypot/log-interaction HTTP/1.1" 405 552 "http://192.168.1.172/api/admin/login" "Mozilla/5.0 (Windows NT 10.0; Win64; x64) AppleWebKit/537.36 (KHTML, like Gecko) Chrome/135.0.0.0 Safari/537.36" "-"
192.168.1.69 - - [01/May/2025:08:11:16 +0000] "POST /honeypot/log-interaction HTTP/1.1" 405 552 "http://192.168.1.172/api/admin/login" "Mozilla/5.0 (Windows NT 10.0; Win64; x64) AppleWebKit/537.36 (KHTML, like Gecko) Chrome/135.0.0.0 Safari/537.36" "-"
192.168.1.69 - - [01/May/2025:08:11:22 +0000] "POST /honeypot/log-interaction HTTP/1.1" 405 552 "http://192.168.1.172/api/admin/login" "Mozilla/5.0 (Windows NT 10.0; Win64; x64) AppleWebKit/537.36 (KHTML, like Gecko) Chrome/135.0.0.0 Safari/537.36" "-"
192.168.1.69 - - [01/May/2025:08:11:25 +0000] "POST /honeypot/log-interaction HTTP/1.1" 405 552 "http://192.168.1.172/api/admin/login" "Mozilla/5.0 (Windows NT 10.0; Win64; x64) AppleWebKit/537.36 (KHTML, like Gecko) Chrome/135.0.0.0 Safari/537.36" "-"
192.168.1.69 - - [01/May/2025:08:11:28 +0000] "POST /honeypot/log-interaction HTTP/1.1" 405 552 "http://192.168.1.172/api/admin/login" "Mozilla/5.0 (Windows NT 10.0; Win64; x64) AppleWebKit/537.36 (KHTML, like Gecko) Chrome/135.0.0.0 Safari/537.36" "-"
192.168.1.69 - - [01/May/2025:08:11:31 +0000] "POST /honeypot/log-interaction HTTP/1.1" 405 552 "http://192.168.1.172/api/admin/login" "Mozilla/5.0 (Windows NT 10.0; Win64; x64) AppleWebKit/537.36 (KHTML, like Gecko) Chrome/135.0.0.0 Safari/537.36" "-"
192.168.1.69 - - [01/May/2025:08:11:34 +0000] "POST /honeypot/log-interaction HTTP/1.1" 405 552 "http://192.168.1.172/api/admin/login" "Mozilla/5.0 (Windows NT 10.0; Win64; x64) AppleWebKit/537.36 (KHTML, like Gecko) Chrome/135.0.0.0 Safari/537.36" "-"
::1 - - [01/May/2025:08:11:36 +0000] "GET /api/health HTTP/1.1" 200 36508 "-" "curl/8.5.0" "-"
192.168.1.69 - - [01/May/2025:08:11:46 +0000] "POST /honeypot/log-interaction HTTP/1.1" 405 552 "http://192.168.1.172/api/admin/login" "Mozilla/5.0 (Windows NT 10.0; Win64; x64) AppleWebKit/537.36 (KHTML, like Gecko) Chrome/135.0.0.0 Safari/537.36" "-"
192.168.1.69 - - [01/May/2025:08:11:49 +0000] "POST /honeypot/log-interaction HTTP/1.1" 405 552 "http://192.168.1.172/api/admin/login" "Mozilla/5.0 (Windows NT 10.0; Win64; x64) AppleWebKit/537.36 (KHTML, like Gecko) Chrome/135.0.0.0 Safari/537.36" "-"
192.168.1.69 - - [01/May/2025:08:11:51 +0000] "POST /honeypot/log-interaction HTTP/1.1" 405 552 "http://192.168.1.172/api/admin/login" "Mozilla/5.0 (Windows NT 10.0; Win64; x64) AppleWebKit/537.36 (KHTML, like Gecko) Chrome/135.0.0.0 Safari/537.36" "-"
192.168.1.69 - - [01/May/2025:08:11:52 +0000] "POST /honeypot/log-interaction HTTP/1.1" 405 552 "http://192.168.1.172/api/admin/login" "Mozilla/5.0 (Windows NT 10.0; Win64; x64) AppleWebKit/537.36 (KHTML, like Gecko) Chrome/135.0.0.0 Safari/537.36" "-"
192.168.1.69 - - [01/May/2025:08:11:55 +0000] "POST /honeypot/log-interaction HTTP/1.1" 405 552 "http://192.168.1.172/api/admin/login" "Mozilla/5.0 (Windows NT 10.0; Win64; x64) AppleWebKit/537.36 (KHTML, like Gecko) Chrome/135.0.0.0 Safari/537.36" "-"
192.168.1.69 - - [01/May/2025:08:11:58 +0000] "POST /honeypot/log-interaction HTTP/1.1" 405 552 "http://192.168.1.172/api/admin/login" "Mozilla/5.0 (Windows NT 10.0; Win64; x64) AppleWebKit/537.36 (KHTML, like Gecko) Chrome/135.0.0.0 Safari/537.36" "-"
192.168.1.69 - - [01/May/2025:08:12:04 +0000] "POST /honeypot/log-interaction HTTP/1.1" 405 552 "http://192.168.1.172/api/admin/login" "Mozilla/5.0 (Windows NT 10.0; Win64; x64) AppleWebKit/537.36 (KHTML, like Gecko) Chrome/135.0.0.0 Safari/537.36" "-"
::1 - - [01/May/2025:08:12:06 +0000] "GET /api/health HTTP/1.1" 200 36508 "-" "curl/8.5.0" "-"
192.168.1.69 - - [01/May/2025:08:12:07 +0000] "POST /honeypot/log-interaction HTTP/1.1" 405 552 "http://192.168.1.172/api/admin/login" "Mozilla/5.0 (Windows NT 10.0; Win64; x64) AppleWebKit/537.36 (KHTML, like Gecko) Chrome/135.0.0.0 Safari/537.36" "-"
192.168.1.69 - - [01/May/2025:08:12:13 +0000] "POST /honeypot/log-interaction HTTP/1.1" 405 552 "http://192.168.1.172/api/admin/login" "Mozilla/5.0 (Windows NT 10.0; Win64; x64) AppleWebKit/537.36 (KHTML, like Gecko) Chrome/135.0.0.0 Safari/537.36" "-"
192.168.1.69 - - [01/May/2025:08:12:16 +0000] "POST /honeypot/log-interaction HTTP/1.1" 405 552 "http://192.168.1.172/api/admin/login" "Mozilla/5.0 (Windows NT 10.0; Win64; x64) AppleWebKit/537.36 (KHTML, like Gecko) Chrome/135.0.0.0 Safari/537.36" "-"
192.168.1.69 - - [01/May/2025:08:12:19 +0000] "POST /honeypot/log-interaction HTTP/1.1" 405 552 "http://192.168.1.172/api/admin/login" "Mozilla/5.0 (Windows NT 10.0; Win64; x64) AppleWebKit/537.36 (KHTML, like Gecko) Chrome/135.0.0.0 Safari/537.36" "-"
192.168.1.69 - - [01/May/2025:08:12:22 +0000] "POST /honeypot/log-interaction HTTP/1.1" 405 552 "http://192.168.1.172/api/admin/login" "Mozilla/5.0 (Windows NT 10.0; Win64; x64) AppleWebKit/537.36 (KHTML, like Gecko) Chrome/135.0.0.0 Safari/537.36" "-"
192.168.1.69 - - [01/May/2025:08:12:25 +0000] "POST /honeypot/log-interaction HTTP/1.1" 405 552 "http://192.168.1.172/api/admin/login" "Mozilla/5.0 (Windows NT 10.0; Win64; x64) AppleWebKit/537.36 (KHTML, like Gecko) Chrome/135.0.0.0 Safari/537.36" "-"
192.168.1.69 - - [01/May/2025:08:12:28 +0000] "POST /honeypot/log-interaction HTTP/1.1" 405 552 "http://192.168.1.172/api/admin/login" "Mozilla/5.0 (Windows NT 10.0; Win64; x64) AppleWebKit/537.36 (KHTML, like Gecko) Chrome/135.0.0.0 Safari/537.36" "-"
192.168.1.69 - - [01/May/2025:08:12:31 +0000] "POST /honeypot/log-interaction HTTP/1.1" 405 552 "http://192.168.1.172/api/admin/login" "Mozilla/5.0 (Windows NT 10.0; Win64; x64) AppleWebKit/537.36 (KHTML, like Gecko) Chrome/135.0.0.0 Safari/537.36" "-"
192.168.1.69 - - [01/May/2025:08:14:46 +0000] "POST /honeypot/log-interaction HTTP/1.1" 405 552 "http://192.168.1.172/api/admin/login" "Mozilla/5.0 (Windows NT 10.0; Win64; x64) AppleWebKit/537.36 (KHTML, like Gecko) Chrome/135.0.0.0 Safari/537.36" "-"
192.168.1.69 - - [01/May/2025:08:14:52 +0000] "POST /honeypot/log-interaction HTTP/1.1" 405 552 "http://192.168.1.172/api/admin/login" "Mozilla/5.0 (Windows NT 10.0; Win64; x64) AppleWebKit/537.36 (KHTML, like Gecko) Chrome/135.0.0.0 Safari/537.36" "-"
192.168.1.69 - - [01/May/2025:08:14:55 +0000] "POST /honeypot/log-interaction HTTP/1.1" 405 552 "http://192.168.1.172/api/admin/login" "Mozilla/5.0 (Windows NT 10.0; Win64; x64) AppleWebKit/537.36 (KHTML, like Gecko) Chrome/135.0.0.0 Safari/537.36" "-"
192.168.1.69 - - [01/May/2025:08:14:58 +0000] "POST /honeypot/log-interaction HTTP/1.1" 405 552 "http://192.168.1.172/api/admin/login" "Mozilla/5.0 (Windows NT 10.0; Win64; x64) AppleWebKit/537.36 (KHTML, like Gecko) Chrome/135.0.0.0 Safari/537.36" "-"
192.168.1.69 - - [01/May/2025:08:15:01 +0000] "POST /honeypot/log-interaction HTTP/1.1" 405 552 "http://192.168.1.172/api/admin/login" "Mozilla/5.0 (Windows NT 10.0; Win64; x64) AppleWebKit/537.36 (KHTML, like Gecko) Chrome/135.0.0.0 Safari/537.36" "-"
192.168.1.69 - - [01/May/2025:08:15:04 +0000] "POST /honeypot/log-interaction HTTP/1.1" 405 552 "http://192.168.1.172/api/admin/login" "Mozilla/5.0 (Windows NT 10.0; Win64; x64) AppleWebKit/537.36 (KHTML, like Gecko) Chrome/135.0.0.0 Safari/537.36" "-"
192.168.1.69 - - [01/May/2025:08:15:10 +0000] "POST /honeypot/log-interaction HTTP/1.1" 405 552 "http://192.168.1.172/api/admin/login" "Mozilla/5.0 (Windows NT 10.0; Win64; x64) AppleWebKit/537.36 (KHTML, like Gecko) Chrome/135.0.0.0 Safari/537.36" "-"
192.168.1.69 - - [01/May/2025:08:15:13 +0000] "POST /honeypot/log-interaction HTTP/1.1" 405 552 "http://192.168.1.172/api/admin/login" "Mozilla/5.0 (Windows NT 10.0; Win64; x64) AppleWebKit/537.36 (KHTML, like Gecko) Chrome/135.0.0.0 Safari/537.36" "-"
192.168.1.69 - - [01/May/2025:08:15:16 +0000] "POST /honeypot/log-interaction HTTP/1.1" 405 552 "http://192.168.1.172/api/admin/login" "Mozilla/5.0 (Windows NT 10.0; Win64; x64) AppleWebKit/537.36 (KHTML, like Gecko) Chrome/135.0.0.0 Safari/537.36" "-"
::1 - - [01/May/2025:08:15:18 +0000] "GET /api/health HTTP/1.1" 502 150 "-" "curl/8.5.0" "-"
192.168.1.69 - - [01/May/2025:08:15:19 +0000] "POST /honeypot/log-interaction HTTP/1.1" 405 552 "http://192.168.1.172/api/admin/login" "Mozilla/5.0 (Windows NT 10.0; Win64; x64) AppleWebKit/537.36 (KHTML, like Gecko) Chrome/135.0.0.0 Safari/537.36" "-"
192.168.1.69 - - [01/May/2025:08:15:22 +0000] "POST /honeypot/log-interaction HTTP/1.1" 405 552 "http://192.168.1.172/api/admin/login" "Mozilla/5.0 (Windows NT 10.0; Win64; x64) AppleWebKit/537.36 (KHTML, like Gecko) Chrome/135.0.0.0 Safari/537.36" "-"
192.168.1.69 - - [01/May/2025:08:15:25 +0000] "POST /honeypot/log-interaction HTTP/1.1" 405 552 "http://192.168.1.172/api/admin/login" "Mozilla/5.0 (Windows NT 10.0; Win64; x64) AppleWebKit/537.36 (KHTML, like Gecko) Chrome/135.0.0.0 Safari/537.36" "-"
192.168.1.69 - - [01/May/2025:08:15:28 +0000] "POST /honeypot/log-interaction HTTP/1.1" 405 552 "http://192.168.1.172/api/admin/login" "Mozilla/5.0 (Windows NT 10.0; Win64; x64) AppleWebKit/537.36 (KHTML, like Gecko) Chrome/135.0.0.0 Safari/537.36" "-"
192.168.1.69 - - [01/May/2025:08:15:37 +0000] "POST /honeypot/log-interaction HTTP/1.1" 405 552 "http://192.168.1.172/api/admin/login" "Mozilla/5.0 (Windows NT 10.0; Win64; x64) AppleWebKit/537.36 (KHTML, like Gecko) Chrome/135.0.0.0 Safari/537.36" "-"
192.168.1.69 - - [01/May/2025:08:15:40 +0000] "POST /honeypot/log-interaction HTTP/1.1" 405 552 "http://192.168.1.172/api/admin/login" "Mozilla/5.0 (Windows NT 10.0; Win64; x64) AppleWebKit/537.36 (KHTML, like Gecko) Chrome/135.0.0.0 Safari/537.36" "-"
192.168.1.69 - - [01/May/2025:08:15:43 +0000] "POST /honeypot/log-interaction HTTP/1.1" 405 552 "http://192.168.1.172/api/admin/login" "Mozilla/5.0 (Windows NT 10.0; Win64; x64) AppleWebKit/537.36 (KHTML, like Gecko) Chrome/135.0.0.0 Safari/537.36" "-"
192.168.1.69 - - [01/May/2025:08:15:49 +0000] "POST /honeypot/log-interaction HTTP/1.1" 405 552 "http://192.168.1.172/api/admin/login" "Mozilla/5.0 (Windows NT 10.0; Win64; x64) AppleWebKit/537.36 (KHTML, like Gecko) Chrome/135.0.0.0 Safari/537.36" "-"
192.168.1.69 - - [01/May/2025:08:15:51 +0000] "POST /honeypot/log-interaction HTTP/1.1" 405 552 "http://192.168.1.172/api/admin/login" "Mozilla/5.0 (Windows NT 10.0; Win64; x64) AppleWebKit/537.36 (KHTML, like Gecko) Chrome/135.0.0.0 Safari/537.36" "-"
192.168.1.69 - - [01/May/2025:08:15:52 +0000] "POST /honeypot/log-interaction HTTP/1.1" 405 552 "http://192.168.1.172/api/admin/login" "Mozilla/5.0 (Windows NT 10.0; Win64; x64) AppleWebKit/537.36 (KHTML, like Gecko) Chrome/135.0.0.0 Safari/537.36" "-"
::1 - - [01/May/2025:08:15:52 +0000] "GET /api/health HTTP/1.1" 502 150 "-" "curl/8.5.0" "-"
192.168.1.69 - - [01/May/2025:08:15:55 +0000] "POST /honeypot/log-interaction HTTP/1.1" 405 552 "http://192.168.1.172/api/admin/login" "Mozilla/5.0 (Windows NT 10.0; Win64; x64) AppleWebKit/537.36 (KHTML, like Gecko) Chrome/135.0.0.0 Safari/537.36" "-"
192.168.1.69 - - [01/May/2025:08:15:58 +0000] "POST /honeypot/log-interaction HTTP/1.1" 405 552 "http://192.168.1.172/api/admin/login" "Mozilla/5.0 (Windows NT 10.0; Win64; x64) AppleWebKit/537.36 (KHTML, like Gecko) Chrome/135.0.0.0 Safari/537.36" "-"
192.168.1.69 - - [01/May/2025:08:16:04 +0000] "POST /honeypot/log-interaction HTTP/1.1" 405 552 "http://192.168.1.172/api/admin/login" "Mozilla/5.0 (Windows NT 10.0; Win64; x64) AppleWebKit/537.36 (KHTML, like Gecko) Chrome/135.0.0.0 Safari/537.36" "-"
192.168.1.69 - - [01/May/2025:08:16:33 +0000] "POST /honeypot/log-interaction HTTP/1.1" 405 552 "http://192.168.1.172/api/admin/login" "Mozilla/5.0 (Windows NT 10.0; Win64; x64) AppleWebKit/537.36 (KHTML, like Gecko) Chrome/135.0.0.0 Safari/537.36" "-"
192.168.1.69 - - [01/May/2025:08:16:34 +0000] "POST /honeypot/log-interaction HTTP/1.1" 405 552 "http://192.168.1.172/api/admin/login" "Mozilla/5.0 (Windows NT 10.0; Win64; x64) AppleWebKit/537.36 (KHTML, like Gecko) Chrome/135.0.0.0 Safari/537.36" "-"
192.168.1.69 - - [01/May/2025:08:16:37 +0000] "POST /honeypot/log-interaction HTTP/1.1" 405 552 "http://192.168.1.172/api/admin/login" "Mozilla/5.0 (Windows NT 10.0; Win64; x64) AppleWebKit/537.36 (KHTML, like Gecko) Chrome/135.0.0.0 Safari/537.36" "-"
192.168.1.69 - - [01/May/2025:08:16:39 +0000] "GET /honey/login HTTP/1.1" 200 447 "-" "Mozilla/5.0 (Windows NT 10.0; Win64; x64) AppleWebKit/537.36 (KHTML, like Gecko) Chrome/135.0.0.0 Safari/537.36" "-"
192.168.1.69 - - [01/May/2025:08:16:39 +0000] "GET /static/js/main.e0f1d861.js HTTP/1.1" 200 178214 "http://192.168.1.172/honey/login" "Mozilla/5.0 (Windows NT 10.0; Win64; x64) AppleWebKit/537.36 (KHTML, like Gecko) Chrome/135.0.0.0 Safari/537.36" "-"
192.168.1.69 - - [01/May/2025:08:16:53 +0000] "GET /manifest.json HTTP/1.1" 200 266 "http://192.168.1.172/honey/login" "Mozilla/5.0 (Windows NT 10.0; Win64; x64) AppleWebKit/537.36 (KHTML, like Gecko) Chrome/135.0.0.0 Safari/537.36" "-"
192.168.1.69 - - [01/May/2025:08:16:53 +0000] "GET /static/css/main.bdf3f817.css.map HTTP/1.1" 200 83054 "-" "Mozilla/5.0 (Windows NT 10.0; Win64; x64) AppleWebKit/537.36 (KHTML, like Gecko) Chrome/135.0.0.0 Safari/537.36" "-"
192.168.1.69 - - [01/May/2025:08:16:53 +0000] "GET /static/js/main.e0f1d861.js.map HTTP/1.1" 200 4135897 "-" "Mozilla/5.0 (Windows NT 10.0; Win64; x64) AppleWebKit/537.36 (KHTML, like Gecko) Chrome/135.0.0.0 Safari/537.36" "-"
192.168.1.69 - - [01/May/2025:08:16:57 +0000] "GET /honey/login HTTP/1.1" 304 0 "-" "Mozilla/5.0 (Windows NT 10.0; Win64; x64) AppleWebKit/537.36 (KHTML, like Gecko) Chrome/135.0.0.0 Safari/537.36" "-"
::1 - - [01/May/2025:08:17:02 +0000] "GET /api/health HTTP/1.1" 200 36508 "-" "curl/8.5.0" "-"
192.168.1.69 - - [01/May/2025:08:17:03 +0000] "GET /honey/login HTTP/1.1" 304 0 "-" "Mozilla/5.0 (Windows NT 10.0; Win64; x64) AppleWebKit/537.36 (KHTML, like Gecko) Chrome/135.0.0.0 Safari/537.36" "-"
192.168.1.69 - - [01/May/2025:08:17:21 +0000] "GET /honey/ldashboard HTTP/1.1" 200 447 "-" "Mozilla/5.0 (Windows NT 10.0; Win64; x64) AppleWebKit/537.36 (KHTML, like Gecko) Chrome/135.0.0.0 Safari/537.36" "-"
192.168.1.69 - - [01/May/2025:08:17:21 +0000] "GET /api/honeypot/angela HTTP/1.1" 200 8004 "http://192.168.1.172/honey/dashboard" "Mozilla/5.0 (Windows NT 10.0; Win64; x64) AppleWebKit/537.36 (KHTML, like Gecko) Chrome/135.0.0.0 Safari/537.36" "-"
192.168.1.69 - - [01/May/2025:08:17:21 +0000] "GET /static/js/main.e0f1d861.js.map HTTP/1.1" 304 0 "-" "Mozilla/5.0 (Windows NT 10.0; Win64; x64) AppleWebKit/537.36 (KHTML, like Gecko) Chrome/135.0.0.0 Safari/537.36" "-"
192.168.1.69 - - [01/May/2025:08:17:21 +0000] "GET /static/css/main.bdf3f817.css.map HTTP/1.1" 304 0 "-" "Mozilla/5.0 (Windows NT 10.0; Win64; x64) AppleWebKit/537.36 (KHTML, like Gecko) Chrome/135.0.0.0 Safari/537.36" "-"
::1 - - [01/May/2025:08:17:32 +0000] "GET /api/health HTTP/1.1" 200 36508 "-" "curl/8.5.0" "-"
::1 - - [01/May/2025:08:18:02 +0000] "GET /api/health HTTP/1.1" 200 36508 "-" "curl/8.5.0" "-"
::1 - - [01/May/2025:08:18:32 +0000] "GET /api/health HTTP/1.1" 200 36508 "-" "curl/8.5.0" "-"
::1 - - [01/May/2025:08:19:02 +0000] "GET /api/health HTTP/1.1" 200 36508 "-" "curl/8.5.0" "-"
::1 - - [01/May/2025:08:19:32 +0000] "GET /api/health HTTP/1.1" 200 36508 "-" "curl/8.5.0" "-"
::1 - - [01/May/2025:08:20:02 +0000] "GET /api/health HTTP/1.1" 200 36508 "-" "curl/8.5.0" "-"
::1 - - [01/May/2025:08:20:33 +0000] "GET /api/health HTTP/1.1" 200 36508 "-" "curl/8.5.0" "-"
192.168.1.69 - - [01/May/2025:08:21:35 +0000] "GET /honey/login HTTP/1.1" 200 447 "-" "Mozilla/5.0 (Windows NT 10.0; Win64; x64) AppleWebKit/537.36 (KHTML, like Gecko) Chrome/135.0.0.0 Safari/537.36" "-"
192.168.1.69 - - [01/May/2025:08:21:35 +0000] "GET /static/js/main.21b4c3fd.js HTTP/1.1" 200 178219 "http://192.168.1.172/honey/login" "Mozilla/5.0 (Windows NT 10.0; Win64; x64) AppleWebKit/537.36 (KHTML, like Gecko) Chrome/135.0.0.0 Safari/537.36" "-"
192.168.1.69 - - [01/May/2025:08:21:45 +0000] "GET /manifest.json HTTP/1.1" 200 266 "http://192.168.1.172/honey/login" "Mozilla/5.0 (Windows NT 10.0; Win64; x64) AppleWebKit/537.36 (KHTML, like Gecko) Chrome/135.0.0.0 Safari/537.36" "-"
192.168.1.69 - - [01/May/2025:08:21:45 +0000] "GET /static/css/main.bdf3f817.css.map HTTP/1.1" 200 83054 "-" "Mozilla/5.0 (Windows NT 10.0; Win64; x64) AppleWebKit/537.36 (KHTML, like Gecko) Chrome/135.0.0.0 Safari/537.36" "-"
192.168.1.69 - - [01/May/2025:08:21:45 +0000] "GET /static/js/main.21b4c3fd.js.map HTTP/1.1" 200 4135910 "-" "Mozilla/5.0 (Windows NT 10.0; Win64; x64) AppleWebKit/537.36 (KHTML, like Gecko) Chrome/135.0.0.0 Safari/537.36" "-"
192.168.1.69 - - [01/May/2025:08:21:51 +0000] "GET /honey/login HTTP/1.1" 304 0 "-" "Mozilla/5.0 (Windows NT 10.0; Win64; x64) AppleWebKit/537.36 (KHTML, like Gecko) Chrome/135.0.0.0 Safari/537.36" "-"
192.168.1.69 - - [01/May/2025:08:21:51 +0000] "GET /static/js/main.21b4c3fd.js.map HTTP/1.1" 304 0 "-" "Mozilla/5.0 (Windows NT 10.0; Win64; x64) AppleWebKit/537.36 (KHTML, like Gecko) Chrome/135.0.0.0 Safari/537.36" "-"
192.168.1.69 - - [01/May/2025:08:21:51 +0000] "GET /static/css/main.bdf3f817.css.map HTTP/1.1" 304 0 "-" "Mozilla/5.0 (Windows NT 10.0; Win64; x64) AppleWebKit/537.36 (KHTML, like Gecko) Chrome/135.0.0.0 Safari/537.36" "-"
::1 - - [01/May/2025:08:22:03 +0000] "GET /api/health HTTP/1.1" 200 36508 "-" "curl/8.5.0" "-"
::1 - - [01/May/2025:08:22:33 +0000] "GET /api/health HTTP/1.1" 200 36508 "-" "curl/8.5.0" "-"
192.168.1.69 - - [01/May/2025:08:33:58 +0000] "GET /honey/login HTTP/1.1" 304 0 "-" "Mozilla/5.0 (Windows NT 10.0; Win64; x64) AppleWebKit/537.36 (KHTML, like Gecko) Chrome/135.0.0.0 Safari/537.36" "-"
192.168.1.69 - - [01/May/2025:08:34:09 +0000] "GET /manifest.json HTTP/1.1" 304 0 "http://192.168.1.172/honey/login" "Mozilla/5.0 (Windows NT 10.0; Win64; x64) AppleWebKit/537.36 (KHTML, like Gecko) Chrome/135.0.0.0 Safari/537.36" "-"
192.168.1.69 - - [01/May/2025:08:34:09 +0000] "GET /static/js/main.21b4c3fd.js.map HTTP/1.1" 304 0 "-" "Mozilla/5.0 (Windows NT 10.0; Win64; x64) AppleWebKit/537.36 (KHTML, like Gecko) Chrome/135.0.0.0 Safari/537.36" "-"
192.168.1.69 - - [01/May/2025:08:34:13 +0000] "GET /honey/login HTTP/1.1" 304 0 "-" "Mozilla/5.0 (Windows NT 10.0; Win64; x64) AppleWebKit/537.36 (KHTML, like Gecko) Chrome/135.0.0.0 Safari/537.36" "-"
192.168.1.69 - - [01/May/2025:08:34:13 +0000] "GET /static/css/main.bdf3f817.css.map HTTP/1.1" 304 0 "-" "Mozilla/5.0 (Windows NT 10.0; Win64; x64) AppleWebKit/537.36 (KHTML, like Gecko) Chrome/135.0.0.0 Safari/537.36" "-"
::1 - - [01/May/2025:08:34:16 +0000] "GET /api/health HTTP/1.1" 200 36508 "-" "curl/8.5.0" "-"
::1 - - [01/May/2025:08:34:46 +0000] "GET /api/health HTTP/1.1" 200 36508 "-" "curl/8.5.0" "-"
